2026-09-25T13:20:13.6938377Z Current runner version: '2.337.0'
2026-09-25T13:20:13.6971498Z ##[group]Runner Image Provisioner
2026-09-25T13:20:13.6972863Z Hosted Compute Agent
2026-09-25T13:20:13.6973886Z Version: 20260828.587
2026-09-25T13:20:13.6975005Z Commit: abac92662cab4cc7352de4f9f9d2e2419aad9c29
2026-09-25T13:20:13.6976397Z Build Date: 2026-08-28T16:44:25Z
2026-09-25T13:20:13.6977920Z Worker ID: {ccc6caab-1b63-4a45-957c-8491cc4e8f22}
2026-09-25T13:20:13.6979310Z Azure Region: eastus
2026-09-25T13:20:13.6980251Z ##[endgroup]
2026-09-25T13:20:13.6982598Z ##[group]Operating System
2026-09-25T13:20:13.6983662Z Ubuntu
2026-09-25T13:20:13.6984582Z 24.04.5
2026-09-25T13:20:13.6985508Z LTS
2026-09-25T13:20:13.6986350Z ##[endgroup]
2026-09-25T13:20:13.6987603Z ##[group]Runner Image
2026-09-25T13:20:13.6988648Z Image: ubuntu-24.04
2026-09-25T13:20:13.6989578Z Version: 20260920.314.1
2026-09-25T13:20:13.6991750Z Included Software: https://github.com/actions/runner-images/blob/ubuntu24/20260920.314/images/ubuntu/Ubuntu2404-Readme.md
2026-09-25T13:20:13.6994582Z Image Release: https://github.com/actions/runner-images/releases/tag/ubuntu24%2F20260920.314
2026-09-25T13:20:13.6996387Z ##[endgroup]
2026-09-25T13:20:13.6998769Z ##[group]GITHUB_TOKEN Permissions
2026-09-25T13:20:13.7001316Z Contents: read
2026-09-25T13:20:13.7002422Z Metadata: read
2026-09-25T13:20:13.7003398Z Packages: read
2026-09-25T13:20:13.7004305Z ##[endgroup]
2026-09-25T13:20:13.7007973Z Secret source: Actions
2026-09-25T13:20:13.7009403Z Cache mode: write
2026-09-25T13:20:13.7011004Z Prepare workflow directory
2026-09-25T13:20:13.7836480Z Prepare all required actions
2026-09-25T13:20:13.7909015Z Getting action download info
2026-09-25T13:20:13.9830216Z Download action repository 'actions/checkout@v4' (SHA:11d5960a326750d5838078e36cf38b85af677262)
2026-09-25T13:20:14.3699154Z Download action repository 'actions/setup-node@v4' (SHA:49933ea5288caeca8642d1e84afbd3f7d6820020)
2026-09-25T13:20:14.5075646Z Download action repository 'actions/upload-artifact@v4' (SHA:ea165f8d65b6e75b540449e92b4886f43607fa02)
2026-09-25T13:20:14.7773552Z Complete job name: production_upgrade_p001
2026-09-25T13:20:14.8266852Z ##[group]Checking docker version
2026-09-25T13:20:14.8280223Z ##[command]/usr/bin/docker version --format '{{.Server.APIVersion}}'
2026-09-25T13:20:15.9742139Z '1.48'
2026-09-25T13:20:15.9761177Z Docker daemon API version: '1.48'
2026-09-25T13:20:15.9761920Z ##[command]/usr/bin/docker version --format '{{.Client.APIVersion}}'
2026-09-25T13:20:15.9919912Z '1.48'
2026-09-25T13:20:15.9933781Z Docker client API version: '1.48'
2026-09-25T13:20:15.9940129Z ##[endgroup]
2026-09-25T13:20:15.9942878Z ##[group]Clean up resources from previous jobs
2026-09-25T13:20:15.9948479Z ##[command]/usr/bin/docker ps --all --quiet --no-trunc --filter "label=611e6f"
2026-09-25T13:20:16.0125727Z ##[command]/usr/bin/docker network prune --force --filter "label=611e6f"
2026-09-25T13:20:16.0244929Z ##[endgroup]
2026-09-25T13:20:16.0245285Z ##[group]Create local container network
2026-09-25T13:20:16.0255001Z ##[command]/usr/bin/docker network create --label 611e6f github_network_0613bd00420a43939fe3691f83299aea
2026-09-25T13:20:16.0816253Z 95ec31a7d1d53f7696f33b25a219e1927de1a50a9131089082dc55563fa0afa5
2026-09-25T13:20:16.0832706Z ##[endgroup]
2026-09-25T13:20:16.0856673Z ##[group]Starting postgres service container
2026-09-25T13:20:16.0878449Z ##[command]/usr/bin/docker pull postgres:17
2026-09-25T13:20:16.3651290Z 17: Pulling from library/postgres
2026-09-25T13:20:16.4618821Z 6b37362b3da7: Pulling fs layer
2026-09-25T13:20:16.4619609Z 0725a8be915e: Pulling fs layer
2026-09-25T13:20:16.4620005Z 71f55f60a786: Pulling fs layer
2026-09-25T13:20:16.4620361Z 564dc3c4a6f9: Pulling fs layer
2026-09-25T13:20:16.4620700Z 752819419f50: Pulling fs layer
2026-09-25T13:20:16.4621048Z 8b51b9245051: Pulling fs layer
2026-09-25T13:20:16.4621539Z 498b9ff7d682: Pulling fs layer
2026-09-25T13:20:16.4622037Z 755a851127eb: Pulling fs layer
2026-09-25T13:20:16.4622420Z bbe7b3469b20: Pulling fs layer
2026-09-25T13:20:16.4622766Z 73872941ba23: Pulling fs layer
2026-09-25T13:20:16.4623530Z 2f9b6cf2e417: Pulling fs layer
2026-09-25T13:20:16.4623874Z 3feaebf93d15: Pulling fs layer
2026-09-25T13:20:16.4624199Z 50e228e2fe6d: Pulling fs layer
2026-09-25T13:20:16.4624529Z bed9376b51dc: Pulling fs layer
2026-09-25T13:20:16.4624831Z 752819419f50: Waiting
2026-09-25T13:20:16.4625244Z 8b51b9245051: Waiting
2026-09-25T13:20:16.4625726Z 498b9ff7d682: Waiting
2026-09-25T13:20:16.4626217Z 755a851127eb: Waiting
2026-09-25T13:20:16.4626516Z bbe7b3469b20: Waiting
2026-09-25T13:20:16.4626785Z 73872941ba23: Waiting
2026-09-25T13:20:16.4627049Z 2f9b6cf2e417: Waiting
2026-09-25T13:20:16.4627685Z 564dc3c4a6f9: Waiting
2026-09-25T13:20:16.4628051Z 3feaebf93d15: Waiting
2026-09-25T13:20:16.4628334Z 50e228e2fe6d: Waiting
2026-09-25T13:20:16.4628663Z bed9376b51dc: Waiting
2026-09-25T13:20:16.4880285Z 0725a8be915e: Verifying Checksum
2026-09-25T13:20:16.4881239Z 0725a8be915e: Download complete
2026-09-25T13:20:16.5250138Z 71f55f60a786: Verifying Checksum
2026-09-25T13:20:16.5253620Z 71f55f60a786: Download complete
2026-09-25T13:20:16.5270394Z 564dc3c4a6f9: Verifying Checksum
2026-09-25T13:20:16.5272014Z 564dc3c4a6f9: Download complete
2026-09-25T13:20:16.5695112Z 8b51b9245051: Verifying Checksum
2026-09-25T13:20:16.5696407Z 8b51b9245051: Download complete
2026-09-25T13:20:16.5949100Z 6b37362b3da7: Verifying Checksum
2026-09-25T13:20:16.5949841Z 6b37362b3da7: Download complete
2026-09-25T13:20:16.5956454Z 498b9ff7d682: Verifying Checksum
2026-09-25T13:20:16.5957117Z 498b9ff7d682: Download complete
2026-09-25T13:20:16.5976946Z 752819419f50: Verifying Checksum
2026-09-25T13:20:16.5977971Z 752819419f50: Download complete
2026-09-25T13:20:16.6247756Z 73872941ba23: Verifying Checksum
2026-09-25T13:20:16.6248397Z 73872941ba23: Download complete
2026-09-25T13:20:16.6348828Z 755a851127eb: Verifying Checksum
2026-09-25T13:20:16.6349770Z 755a851127eb: Download complete
2026-09-25T13:20:16.6571704Z 2f9b6cf2e417: Verifying Checksum
2026-09-25T13:20:16.6572898Z 2f9b6cf2e417: Download complete
2026-09-25T13:20:16.6585489Z 3feaebf93d15: Verifying Checksum
2026-09-25T13:20:16.6586953Z 3feaebf93d15: Download complete
2026-09-25T13:20:16.6856740Z bed9376b51dc: Verifying Checksum
2026-09-25T13:20:16.6858573Z bed9376b51dc: Download complete
2026-09-25T13:20:16.6912963Z 50e228e2fe6d: Verifying Checksum
2026-09-25T13:20:16.6913590Z 50e228e2fe6d: Download complete
2026-09-25T13:20:17.0721603Z bbe7b3469b20: Verifying Checksum
2026-09-25T13:20:17.0722521Z bbe7b3469b20: Download complete
2026-09-25T13:20:17.7964866Z 6b37362b3da7: Pull complete
2026-09-25T13:20:20.7730658Z 0725a8be915e: Pull complete
2026-09-25T13:20:20.9500719Z 71f55f60a786: Pull complete
2026-09-25T13:20:20.9938316Z 564dc3c4a6f9: Pull complete
2026-09-25T13:20:21.2939297Z 752819419f50: Pull complete
2026-09-25T13:20:21.3780954Z 8b51b9245051: Pull complete
2026-09-25T13:20:21.3861776Z 498b9ff7d682: Pull complete
2026-09-25T13:20:21.3970517Z 755a851127eb: Pull complete
2026-09-25T13:20:24.4312891Z bbe7b3469b20: Pull complete
2026-09-25T13:20:24.4438592Z 73872941ba23: Pull complete
2026-09-25T13:20:24.4568897Z 2f9b6cf2e417: Pull complete
2026-09-25T13:20:24.4673402Z 3feaebf93d15: Pull complete
2026-09-25T13:20:24.4776531Z 50e228e2fe6d: Pull complete
2026-09-25T13:20:24.4869888Z bed9376b51dc: Pull complete
2026-09-25T13:20:24.4914055Z Digest: sha256:d74eeac9a635390a49bc21bd49fccd973de707e2a53a76ac49b552b8712ec46f
2026-09-25T13:20:24.4929369Z Status: Downloaded newer image for postgres:17
2026-09-25T13:20:24.4953107Z docker.io/library/postgres:17
2026-09-25T13:20:24.5015827Z ##[command]/usr/bin/docker create --name 334d8be2db004b44b15bf8932206a285_postgres17_c7f35a --label 611e6f --network github_network_0613bd00420a43939fe3691f83299aea --network-alias postgres -p 5432:5432 --health-cmd pg_isready --health-interval 5s --health-timeout 5s --health-retries 10 -e "POSTGRES_PASSWORD=isolated-ci-only" -e GITHUB_ACTIONS=true -e CI=true postgres:17
2026-09-25T13:20:24.5350322Z 3d7ed6d03c9842a287f82ee584e7d9a3cca1bfd44c83d15765d72ed7559c5a43
2026-09-25T13:20:24.5375905Z ##[command]/usr/bin/docker start 3d7ed6d03c9842a287f82ee584e7d9a3cca1bfd44c83d15765d72ed7559c5a43
2026-09-25T13:20:25.2641277Z 3d7ed6d03c9842a287f82ee584e7d9a3cca1bfd44c83d15765d72ed7559c5a43
2026-09-25T13:20:25.2669185Z ##[command]/usr/bin/docker ps --all --filter id=3d7ed6d03c9842a287f82ee584e7d9a3cca1bfd44c83d15765d72ed7559c5a43 --filter status=running --no-trunc --format "{{.ID}} {{.Status}}"
2026-09-25T13:20:25.2863404Z 3d7ed6d03c9842a287f82ee584e7d9a3cca1bfd44c83d15765d72ed7559c5a43 Up Less than a second (health: starting)
2026-09-25T13:20:25.2890273Z ##[command]/usr/bin/docker port 3d7ed6d03c9842a287f82ee584e7d9a3cca1bfd44c83d15765d72ed7559c5a43
2026-09-25T13:20:25.3038456Z 5432/tcp -> 0.0.0.0:5432
2026-09-25T13:20:25.3039101Z 5432/tcp -> [::]:5432
2026-09-25T13:20:25.3088647Z ##[endgroup]
2026-09-25T13:20:25.3097809Z ##[group]Waiting for all services to be ready
2026-09-25T13:20:25.3115896Z ##[command]/usr/bin/docker inspect --format="{{if .Config.Healthcheck}}{{print .State.Health.Status}}{{end}}" 3d7ed6d03c9842a287f82ee584e7d9a3cca1bfd44c83d15765d72ed7559c5a43
2026-09-25T13:20:25.3358284Z starting
2026-09-25T13:20:25.3370742Z postgres service is starting, waiting 2 seconds before checking again.
2026-09-25T13:20:27.3367930Z ##[command]/usr/bin/docker inspect --format="{{if .Config.Healthcheck}}{{print .State.Health.Status}}{{end}}" 3d7ed6d03c9842a287f82ee584e7d9a3cca1bfd44c83d15765d72ed7559c5a43
2026-09-25T13:20:27.3508268Z starting
2026-09-25T13:20:27.3522300Z postgres service is starting, waiting 3 seconds before checking again.
2026-09-25T13:20:31.1459261Z ##[command]/usr/bin/docker inspect --format="{{if .Config.Healthcheck}}{{print .State.Health.Status}}{{end}}" 3d7ed6d03c9842a287f82ee584e7d9a3cca1bfd44c83d15765d72ed7559c5a43
2026-09-25T13:20:31.1589950Z healthy
2026-09-25T13:20:31.1610332Z postgres service is healthy.
2026-09-25T13:20:31.1610832Z ##[endgroup]
2026-09-25T13:20:31.1958184Z ##[group]Run actions/checkout@v4
2026-09-25T13:20:31.1958799Z with:
2026-09-25T13:20:31.1959049Z   repository: Bennyescaped/duelvanta
2026-09-25T13:20:31.1961514Z   token: ***
2026-09-25T13:20:31.1961735Z   ssh-strict: true
2026-09-25T13:20:31.1961946Z   ssh-user: git
2026-09-25T13:20:31.1962164Z   persist-credentials: true
2026-09-25T13:20:31.1962401Z   clean: true
2026-09-25T13:20:31.1962620Z   sparse-checkout-cone-mode: true
2026-09-25T13:20:31.1962878Z   fetch-depth: 1
2026-09-25T13:20:31.1963084Z   fetch-tags: false
2026-09-25T13:20:31.1963300Z   show-progress: true
2026-09-25T13:20:31.1963512Z   lfs: false
2026-09-25T13:20:31.1963706Z   submodules: false
2026-09-25T13:20:31.1963920Z   set-safe-directory: true
2026-09-25T13:20:31.1964187Z   allow-unsafe-pr-checkout: false
2026-09-25T13:20:31.1964630Z env:
2026-09-25T13:20:31.1964825Z   PGHOST: localhost
2026-09-25T13:20:31.1965035Z   PGUSER: postgres
2026-09-25T13:20:31.1965258Z   PGPASSWORD: isolated-ci-only
2026-09-25T13:20:31.1965543Z   PGDATABASE: postgres
2026-09-25T13:20:31.1965814Z   P001_HEAD_SHA: 47f2a7c83103fc63e2fe249131ce707549f04b74
2026-09-25T13:20:31.1966136Z ##[endgroup]
2026-09-25T13:20:31.2959719Z Syncing repository: Bennyescaped/duelvanta
2026-09-25T13:20:31.2961687Z ##[group]Getting Git version info
2026-09-25T13:20:31.2962325Z Working directory is '/home/runner/work/duelvanta/duelvanta'
2026-09-25T13:20:31.2963241Z [command]/usr/bin/git version
2026-09-25T13:20:31.4083974Z git version 2.55.0
2026-09-25T13:20:31.4105833Z ##[endgroup]
2026-09-25T13:20:31.4121420Z Temporarily overriding HOME='/home/runner/work/_temp/43b412d3-9bfd-4c70-a41c-252282800cf9' before making global git config changes
2026-09-25T13:20:31.4122921Z Adding repository directory to the temporary git global config as a safe directory
2026-09-25T13:20:31.4128973Z [command]/usr/bin/git config --global --add safe.directory /home/runner/work/duelvanta/duelvanta
2026-09-25T13:20:31.4468349Z Deleting the contents of '/home/runner/work/duelvanta/duelvanta'
2026-09-25T13:20:31.4472404Z ##[group]Initializing the repository
2026-09-25T13:20:31.4477057Z [command]/usr/bin/git init /home/runner/work/duelvanta/duelvanta
2026-09-25T13:20:31.5087133Z hint: Using 'master' as the name for the initial branch. This default branch name
2026-09-25T13:20:31.5088408Z hint: will change to "main" in Git 3.0. To configure the initial branch name
2026-09-25T13:20:31.5089530Z hint: to use in all of your new repositories, which will suppress this warning,
2026-09-25T13:20:31.5090386Z hint: call:
2026-09-25T13:20:31.5090784Z hint:
2026-09-25T13:20:31.5091365Z hint: 	git config --global init.defaultBranch <name>
2026-09-25T13:20:31.5092094Z hint:
2026-09-25T13:20:31.5092795Z hint: Names commonly chosen instead of 'master' are 'main', 'trunk' and
2026-09-25T13:20:31.5093974Z hint: 'development'. The just-created branch can be renamed via this command:
2026-09-25T13:20:31.5095296Z hint:
2026-09-25T13:20:31.5095760Z hint: 	git branch -m <name>
2026-09-25T13:20:31.5096214Z hint:
2026-09-25T13:20:31.5096605Z hint: Disable this message with "git config set advice.defaultBranchName false"
2026-09-25T13:20:31.5097230Z Initialized empty Git repository in /home/runner/work/duelvanta/duelvanta/.git/
2026-09-25T13:20:31.5105478Z [command]/usr/bin/git remote add origin https://github.com/Bennyescaped/duelvanta
2026-09-25T13:20:31.5378706Z ##[endgroup]
2026-09-25T13:20:31.5379171Z ##[group]Disabling automatic garbage collection
2026-09-25T13:20:31.5383255Z [command]/usr/bin/git config --local gc.auto 0
2026-09-25T13:20:31.5418123Z ##[endgroup]
2026-09-25T13:20:31.5418780Z ##[group]Setting up auth
2026-09-25T13:20:31.5426297Z [command]/usr/bin/git config --local --name-only --get-regexp core\.sshCommand
2026-09-25T13:20:31.5462393Z [command]/usr/bin/git submodule foreach --recursive sh -c "git config --local --name-only --get-regexp 'core\.sshCommand' && git config --local --unset-all 'core.sshCommand' || :"
2026-09-25T13:20:31.7300202Z [command]/usr/bin/git config --local --name-only --get-regexp http\.https\:\/\/github\.com\/\.extraheader
2026-09-25T13:20:31.7339363Z [command]/usr/bin/git submodule foreach --recursive sh -c "git config --local --name-only --get-regexp 'http\.https\:\/\/github\.com\/\.extraheader' && git config --local --unset-all 'http.https://github.com/.extraheader' || :"
2026-09-25T13:20:31.7583609Z [command]/usr/bin/git config --local --name-only --get-regexp ^includeIf\.gitdir:
2026-09-25T13:20:31.7621378Z [command]/usr/bin/git submodule foreach --recursive git config --local --show-origin --name-only --get-regexp remote.origin.url
2026-09-25T13:20:31.7869161Z [command]/usr/bin/git config --local http.https://github.com/.extraheader AUTHORIZATION: basic ***
2026-09-25T13:20:31.7915149Z ##[endgroup]
2026-09-25T13:20:31.7915853Z ##[group]Fetching the repository
2026-09-25T13:20:31.7930469Z [command]/usr/bin/git -c protocol.version=2 fetch --no-tags --prune --no-recurse-submodules --depth=1 origin +cebe1ed7be56a5f2cc4a05b6c13372a125e111f6:refs/remotes/pull/5/merge
2026-09-25T13:20:32.6230159Z From https://github.com/Bennyescaped/duelvanta
2026-09-25T13:20:32.6231081Z  * [new ref]         cebe1ed7be56a5f2cc4a05b6c13372a125e111f6 -> pull/5/merge
2026-09-25T13:20:32.6235879Z ##[endgroup]
2026-09-25T13:20:32.6236917Z ##[group]Determining the checkout info
2026-09-25T13:20:32.6239526Z ##[endgroup]
2026-09-25T13:20:32.6246235Z [command]/usr/bin/git sparse-checkout disable
2026-09-25T13:20:32.6439618Z [command]/usr/bin/git config --local --unset-all extensions.worktreeConfig
2026-09-25T13:20:32.6475894Z ##[group]Checking out the ref
2026-09-25T13:20:32.6482503Z [command]/usr/bin/git checkout --progress --force refs/remotes/pull/5/merge
2026-09-25T13:20:32.7150660Z Note: switching to 'refs/remotes/pull/5/merge'.
2026-09-25T13:20:32.7151019Z 
2026-09-25T13:20:32.7151289Z You are in 'detached HEAD' state. You can look around, make experimental
2026-09-25T13:20:32.7152075Z changes and commit them, and you can discard any commits you make in this
2026-09-25T13:20:32.7152742Z state without impacting any branches by switching back to a branch.
2026-09-25T13:20:32.7153118Z 
2026-09-25T13:20:32.7153439Z If you want to create a new branch to retain commits you create, you may
2026-09-25T13:20:32.7154261Z do so (now or later) by using -c with the switch command. Example:
2026-09-25T13:20:32.7154599Z 
2026-09-25T13:20:32.7154737Z   git switch -c <new-branch-name>
2026-09-25T13:20:32.7154966Z 
2026-09-25T13:20:32.7155089Z Or undo this operation with:
2026-09-25T13:20:32.7155303Z 
2026-09-25T13:20:32.7155409Z   git switch -
2026-09-25T13:20:32.7155571Z 
2026-09-25T13:20:32.7155853Z Turn off this advice by setting config variable advice.detachedHead to false
2026-09-25T13:20:32.7156281Z 
2026-09-25T13:20:32.7156751Z HEAD is now at cebe1ed Merge 47f2a7c83103fc63e2fe249131ce707549f04b74 into 50f88213571be13255bb52eb489cc28cca660001
2026-09-25T13:20:32.7164899Z ##[endgroup]
2026-09-25T13:20:32.7213478Z [command]/usr/bin/git log -1 --format=%H
2026-09-25T13:20:32.7242028Z cebe1ed7be56a5f2cc4a05b6c13372a125e111f6
2026-09-25T13:20:32.7491200Z ##[group]Run actions/setup-node@v4
2026-09-25T13:20:32.7491503Z with:
2026-09-25T13:20:32.7491723Z   node-version: 22
2026-09-25T13:20:32.7491948Z   always-auth: false
2026-09-25T13:20:32.7492171Z   check-latest: false
2026-09-25T13:20:32.7494519Z   token: ***
2026-09-25T13:20:32.7494730Z env:
2026-09-25T13:20:32.7494931Z   PGHOST: localhost
2026-09-25T13:20:32.7495155Z   PGUSER: postgres
2026-09-25T13:20:32.7495390Z   PGPASSWORD: isolated-ci-only
2026-09-25T13:20:32.7495651Z   PGDATABASE: postgres
2026-09-25T13:20:32.7495926Z   P001_HEAD_SHA: 47f2a7c83103fc63e2fe249131ce707549f04b74
2026-09-25T13:20:32.7496243Z ##[endgroup]
2026-09-25T13:20:32.9082839Z Found in cache @ /opt/hostedtoolcache/node/22.23.2/x64
2026-09-25T13:20:32.9087602Z (node:2662) [DEP0040] DeprecationWarning: The `punycode` module is deprecated. Please use a userland alternative instead.
2026-09-25T13:20:32.9088762Z (Use `node --trace-deprecation ...` to show where the warning was created)
2026-09-25T13:20:32.9091669Z ##[group]Environment details
2026-09-25T13:20:35.4146247Z node: v22.23.2
2026-09-25T13:20:35.4146769Z npm: 10.9.8
2026-09-25T13:20:35.4147164Z yarn: 1.22.22
2026-09-25T13:20:35.4149196Z ##[endgroup]
2026-09-25T13:20:35.4292560Z ##[group]Run npm ci --ignore-scripts --no-audit --no-fund --prefix .github/ci
2026-09-25T13:20:35.4293246Z [36;1mnpm ci --ignore-scripts --no-audit --no-fund --prefix .github/ci[0m
2026-09-25T13:20:35.4293963Z [36;1mln -s .github/ci/node_modules node_modules[0m
2026-09-25T13:20:35.5685405Z shell: /usr/bin/bash -e {0}
2026-09-25T13:20:35.5685763Z env:
2026-09-25T13:20:35.5686017Z   PGHOST: localhost
2026-09-25T13:20:35.5686297Z   PGUSER: postgres
2026-09-25T13:20:35.5686584Z   PGPASSWORD: isolated-ci-only
2026-09-25T13:20:35.5686909Z   PGDATABASE: postgres
2026-09-25T13:20:35.5687517Z   P001_HEAD_SHA: 47f2a7c83103fc63e2fe249131ce707549f04b74
2026-09-25T13:20:35.5688089Z ##[endgroup]
2026-09-25T13:20:38.8461211Z 
2026-09-25T13:20:38.8468661Z added 47 packages in 3s
2026-09-25T13:20:38.8964297Z ##[group]Run mkdir -p test-results
2026-09-25T13:20:38.8964685Z [36;1mmkdir -p test-results[0m
2026-09-25T13:20:38.8964974Z [36;1mset -o pipefail[0m
2026-09-25T13:20:38.8965557Z [36;1mnode tests/production-upgrade-rehearsal.mjs --native --empty | tee test-results/production-upgrade-empty-native.log[0m
2026-09-25T13:20:38.8966425Z [36;1mnode tests/production-upgrade-rehearsal.mjs --native | tee test-results/production-upgrade-native.log[0m
2026-09-25T13:20:38.8967266Z [36;1mnode tests/production-upgrade-rehearsal.mjs --native --trade-lock | tee test-results/production-trade-lock-native.log[0m
2026-09-25T13:20:38.9029730Z shell: /usr/bin/bash -e {0}
2026-09-25T13:20:38.9029994Z env:
2026-09-25T13:20:38.9030198Z   PGHOST: localhost
2026-09-25T13:20:38.9030422Z   PGUSER: postgres
2026-09-25T13:20:38.9030653Z   PGPASSWORD: isolated-ci-only
2026-09-25T13:20:38.9030920Z   PGDATABASE: postgres
2026-09-25T13:20:38.9031229Z   P001_HEAD_SHA: 47f2a7c83103fc63e2fe249131ce707549f04b74
2026-09-25T13:20:38.9031559Z ##[endgroup]
2026-09-25T13:20:39.3163663Z BASELINE SQL PASS 72
2026-09-25T13:20:39.3462617Z [
2026-09-25T13:20:39.3463798Z   { nspname: 'public', count: 30 },
2026-09-25T13:20:39.3464653Z   { nspname: 'dv_v16_private', count: 9 }
2026-09-25T13:20:39.3465187Z ]
2026-09-25T13:20:39.4787720Z APPLIED U001 database/market-seller-compliance-v1.sql
2026-09-25T13:20:39.4932008Z APPLIED U002 database/production-upgrade/notice-action-source-61404cf.sql
2026-09-25T13:20:39.5062148Z APPLIED U003 database/market-checkout-compliance-v1.sql
2026-09-25T13:20:39.5202759Z APPLIED U004 database/market-tax-transparency-v1.sql
2026-09-25T13:20:39.5320823Z APPLIED U005 database/account-data-rights-v1.sql
2026-09-25T13:20:39.5335207Z APPLIED U006 database/account-data-erasure-username-guard-v1.sql
2026-09-25T13:20:39.5590682Z APPLIED U007 database/market-stripe-connect-sandbox-v1.sql
2026-09-25T13:20:39.5611588Z APPLIED U008 database/trade-order-lifecycle-payment-hardening-v1.sql
2026-09-25T13:20:39.5659952Z APPLIED U009 pgcrypto_digest_schema_hardening_v1
2026-09-25T13:20:39.5700467Z APPLIED U010 market_stripe_payment_result_columns_v1
2026-09-25T13:20:39.5740963Z APPLIED U011 trade_actions_column_aliases_v1
2026-09-25T13:20:39.5752454Z APPLIED U012 database/production-upgrade/trade-actions-reviewed-source.sql
2026-09-25T13:20:39.5799571Z APPLIED U013 market_stripe_event_ordering_hardening_v1
2026-09-25T13:20:39.5875674Z APPLIED U014 market_stripe_refund_evidence_hardening_v1
2026-09-25T13:20:39.5936713Z APPLIED U015 market_stripe_refund_evidence_immutability_fix_v1
2026-09-25T13:20:39.5994154Z APPLIED U016 b07_tracking_delivery_window_v1
2026-09-25T13:20:39.6090375Z APPLIED U017 b07_l07_01_release1_shipping_close_v1
2026-09-25T13:20:39.6134310Z APPLIED U018 b07_l07_01_release1_shipping_close_v1_hardening
2026-09-25T13:20:39.6180100Z APPLIED U019 b07_l07_01_shipping_deadline_hardening_v1
2026-09-25T13:20:39.6248768Z APPLIED U020 b07_c2c_eligibility_dependency_v1
2026-09-25T13:20:39.6487895Z APPLIED U021 b07_l07_01_c2c_swap_v1_schema
2026-09-25T13:20:39.6547272Z APPLIED U022 b07_l07_01_c2c_swap_v1_binding
2026-09-25T13:20:39.6588066Z APPLIED U023 b07_l07_01_c2c_swap_v1_fulfillment_shipping
2026-09-25T13:20:39.6630626Z APPLIED U024 b07_l07_01_c2c_swap_v1_fulfillment_receive
2026-09-25T13:20:39.6712304Z APPLIED U025 b07_l07_01_c2c_swap_v1_problems
2026-09-25T13:20:39.6777703Z APPLIED U026 b07_l07_01_c2c_swap_v1_pickup_schema
2026-09-25T13:20:39.6830751Z APPLIED U027 b07_l07_01_c2c_swap_v1_pickup_revision
2026-09-25T13:20:39.6872477Z APPLIED U028 b07_l07_01_c2c_swap_v1_pickup_proposals
2026-09-25T13:20:39.6916884Z APPLIED U029 b07_l07_01_c2c_swap_v1_pickup_binding
2026-09-25T13:20:39.6960272Z APPLIED U030 b07_l07_01_c2c_swap_v1_pickup_code
2026-09-25T13:20:39.6973558Z APPLIED U031 database/b07-l07-01-c2c-swap-v1-pickup.sql
2026-09-25T13:20:39.7016435Z APPLIED U032 b07_l07_01_c2c_swap_v1_completion_compat
2026-09-25T13:20:39.7057066Z APPLIED U033 b07_l07_01_c2c_swap_v1_pickup_completion_compat
2026-09-25T13:20:39.7131056Z APPLIED U034 b07_l07_01_pickup_messages_v1
2026-09-25T13:20:39.7173281Z APPLIED U035 b07_l07_01_pickup_messages_v1_list
2026-09-25T13:20:39.7241108Z APPLIED U036 b07_l07_01_order_pickup_handover_staging_repair_v1
2026-09-25T13:20:39.7296374Z APPLIED U037 account_data_rights_pickup_messages_hardening_v1
2026-09-25T13:20:39.7341215Z APPLIED U038 b07_trade_only_no_money_v1
2026-09-25T13:20:39.7382752Z APPLIED U039 b07_sealed_sale_only_v1
2026-09-25T13:20:39.7443367Z APPLIED U040 trade_notifications_v2
2026-09-25T13:20:39.7482552Z APPLIED U041 trade_notifications_v2_kind_expansion
2026-09-25T13:20:39.7536035Z APPLIED U042 trade_notifications_v2_cutover
2026-09-25T13:20:39.7597280Z APPLIED U043 b07_sale_only_release_v1
2026-09-25T13:20:39.7638367Z APPLIED U044 b07_sale_only_notifications_v1
2026-09-25T13:20:39.7678567Z APPLIED U045 b07_sale_only_public_listings_v1
2026-09-25T13:20:39.7754492Z APPLIED U046 b07_offer_reservation_v1_staging
2026-09-25T13:20:39.7795016Z APPLIED U047 b07_offer_reservation_sale_only_reads
2026-09-25T13:20:39.7834585Z APPLIED U048 b07_shipping_receipt_completion_realign_v1
2026-09-25T13:20:39.7877890Z APPLIED U049 battle_beta_account_status_v1
2026-09-25T13:20:39.7917008Z APPLIED U050 battle_dispute_resolution_v1
2026-09-25T13:20:39.7955644Z APPLIED U051 battle_judge_desk_v1
2026-09-25T13:20:39.8082137Z APPLIED U052 battle_spectator_foundation_v1
2026-09-25T13:20:39.8193069Z APPLIED U053 battle_spectator_media_v1
2026-09-25T13:20:39.8249438Z APPLIED U054 battle_spectator_media_publisher_admission_v1
2026-09-25T13:20:39.8290220Z APPLIED U055 battle_spectator_media_reconciler_v1
2026-09-25T13:20:39.8340493Z APPLIED U056 collect_empty_binder_delete
2026-09-25T13:20:39.8590132Z APPLIED U057 trade_legal_contract_model_v1
2026-09-25T13:20:39.8697957Z APPLIED U058 auth_privileged_step_up_v1
2026-09-25T13:20:39.9067294Z APPLIED U059 security_privilege_mfa_hardening_v1
2026-09-25T13:20:39.9151910Z APPLIED U060 security_readiness_v1
2026-09-25T13:20:40.1715953Z READINESS {
2026-09-25T13:20:40.1716942Z   security: { revision: 'privilege-mfa-v1', compatible: true },
2026-09-25T13:20:40.1718204Z   legal: { revision: 'trade-legal-contract-model-v1.2', compatible: true }
2026-09-25T13:20:40.1718912Z }
2026-09-25T13:20:40.2456568Z READINESS DIFF 0 []
2026-09-25T13:20:40.2456924Z P0-01 REHEARSAL COMPLETE
2026-09-25T13:20:40.6744867Z BASELINE SQL PASS 72
2026-09-25T13:20:40.7030878Z [
2026-09-25T13:20:40.7031350Z   { nspname: 'public', count: 30 },
2026-09-25T13:20:40.7031799Z   { nspname: 'dv_v16_private', count: 9 }
2026-09-25T13:20:40.7032312Z ]
2026-09-25T13:20:40.8364158Z APPLIED U001 database/market-seller-compliance-v1.sql
2026-09-25T13:20:40.8513168Z APPLIED U002 database/production-upgrade/notice-action-source-61404cf.sql
2026-09-25T13:20:40.8643962Z APPLIED U003 database/market-checkout-compliance-v1.sql
2026-09-25T13:20:40.8781210Z APPLIED U004 database/market-tax-transparency-v1.sql
2026-09-25T13:20:40.8905167Z APPLIED U005 database/account-data-rights-v1.sql
2026-09-25T13:20:40.8919497Z APPLIED U006 database/account-data-erasure-username-guard-v1.sql
2026-09-25T13:20:40.9176909Z APPLIED U007 database/market-stripe-connect-sandbox-v1.sql
2026-09-25T13:20:40.9198329Z APPLIED U008 database/trade-order-lifecycle-payment-hardening-v1.sql
2026-09-25T13:20:40.9247867Z APPLIED U009 pgcrypto_digest_schema_hardening_v1
2026-09-25T13:20:40.9296418Z APPLIED U010 market_stripe_payment_result_columns_v1
2026-09-25T13:20:40.9344376Z APPLIED U011 trade_actions_column_aliases_v1
2026-09-25T13:20:40.9355500Z APPLIED U012 database/production-upgrade/trade-actions-reviewed-source.sql
2026-09-25T13:20:40.9421189Z APPLIED U013 market_stripe_event_ordering_hardening_v1
2026-09-25T13:20:40.9471182Z APPLIED U014 market_stripe_refund_evidence_hardening_v1
2026-09-25T13:20:40.9512619Z APPLIED U015 market_stripe_refund_evidence_immutability_fix_v1
2026-09-25T13:20:40.9594346Z APPLIED U016 b07_tracking_delivery_window_v1
2026-09-25T13:20:40.9702171Z APPLIED U017 b07_l07_01_release1_shipping_close_v1
2026-09-25T13:20:40.9746940Z APPLIED U018 b07_l07_01_release1_shipping_close_v1_hardening
2026-09-25T13:20:40.9831016Z APPLIED U019 b07_l07_01_shipping_deadline_hardening_v1
2026-09-25T13:20:40.9908068Z APPLIED U020 b07_c2c_eligibility_dependency_v1
2026-09-25T13:20:41.0127239Z APPLIED U021 b07_l07_01_c2c_swap_v1_schema
2026-09-25T13:20:41.0196600Z APPLIED U022 b07_l07_01_c2c_swap_v1_binding
2026-09-25T13:20:41.0244066Z APPLIED U023 b07_l07_01_c2c_swap_v1_fulfillment_shipping
2026-09-25T13:20:41.0288351Z APPLIED U024 b07_l07_01_c2c_swap_v1_fulfillment_receive
2026-09-25T13:20:41.0371500Z APPLIED U025 b07_l07_01_c2c_swap_v1_problems
2026-09-25T13:20:41.0449575Z APPLIED U026 b07_l07_01_c2c_swap_v1_pickup_schema
2026-09-25T13:20:41.0492372Z APPLIED U027 b07_l07_01_c2c_swap_v1_pickup_revision
2026-09-25T13:20:41.0533180Z APPLIED U028 b07_l07_01_c2c_swap_v1_pickup_proposals
2026-09-25T13:20:41.0579559Z APPLIED U029 b07_l07_01_c2c_swap_v1_pickup_binding
2026-09-25T13:20:41.0624109Z APPLIED U030 b07_l07_01_c2c_swap_v1_pickup_code
2026-09-25T13:20:41.0637183Z APPLIED U031 database/b07-l07-01-c2c-swap-v1-pickup.sql
2026-09-25T13:20:41.0682512Z APPLIED U032 b07_l07_01_c2c_swap_v1_completion_compat
2026-09-25T13:20:41.0731576Z APPLIED U033 b07_l07_01_c2c_swap_v1_pickup_completion_compat
2026-09-25T13:20:41.0796561Z APPLIED U034 b07_l07_01_pickup_messages_v1
2026-09-25T13:20:41.0836318Z APPLIED U035 b07_l07_01_pickup_messages_v1_list
2026-09-25T13:20:41.0905655Z APPLIED U036 b07_l07_01_order_pickup_handover_staging_repair_v1
2026-09-25T13:20:41.0959869Z APPLIED U037 account_data_rights_pickup_messages_hardening_v1
2026-09-25T13:20:41.1004231Z APPLIED U038 b07_trade_only_no_money_v1
2026-09-25T13:20:41.1060770Z APPLIED U039 b07_sealed_sale_only_v1
2026-09-25T13:20:41.1116282Z APPLIED U040 trade_notifications_v2
2026-09-25T13:20:41.1156754Z APPLIED U041 trade_notifications_v2_kind_expansion
2026-09-25T13:20:41.1214614Z APPLIED U042 trade_notifications_v2_cutover
2026-09-25T13:20:41.1278024Z APPLIED U043 b07_sale_only_release_v1
2026-09-25T13:20:41.1319241Z APPLIED U044 b07_sale_only_notifications_v1
2026-09-25T13:20:41.1368690Z APPLIED U045 b07_sale_only_public_listings_v1
2026-09-25T13:20:41.1439731Z APPLIED U046 b07_offer_reservation_v1_staging
2026-09-25T13:20:41.1479307Z APPLIED U047 b07_offer_reservation_sale_only_reads
2026-09-25T13:20:41.1519719Z APPLIED U048 b07_shipping_receipt_completion_realign_v1
2026-09-25T13:20:41.1565351Z APPLIED U049 battle_beta_account_status_v1
2026-09-25T13:20:41.1607418Z APPLIED U050 battle_dispute_resolution_v1
2026-09-25T13:20:41.1659588Z APPLIED U051 battle_judge_desk_v1
2026-09-25T13:20:41.1798833Z APPLIED U052 battle_spectator_foundation_v1
2026-09-25T13:20:41.1913019Z APPLIED U053 battle_spectator_media_v1
2026-09-25T13:20:41.1955497Z APPLIED U054 battle_spectator_media_publisher_admission_v1
2026-09-25T13:20:41.2002163Z APPLIED U055 battle_spectator_media_reconciler_v1
2026-09-25T13:20:41.2044630Z APPLIED U056 collect_empty_binder_delete
2026-09-25T13:20:41.2309630Z APPLIED U057 trade_legal_contract_model_v1
2026-09-25T13:20:41.2408548Z APPLIED U058 auth_privileged_step_up_v1
2026-09-25T13:20:41.2782682Z APPLIED U059 security_privilege_mfa_hardening_v1
2026-09-25T13:20:41.2869909Z APPLIED U060 security_readiness_v1
2026-09-25T13:20:41.5646872Z READINESS {
2026-09-25T13:20:41.5647836Z   security: { revision: 'privilege-mfa-v1', compatible: true },
2026-09-25T13:20:41.5648842Z   legal: { revision: 'trade-legal-contract-model-v1.2', compatible: true }
2026-09-25T13:20:41.5649557Z }
2026-09-25T13:20:41.6378454Z READINESS DIFF 0 []
2026-09-25T13:20:41.6378881Z P0-01 REHEARSAL COMPLETE
2026-09-25T13:20:42.0400005Z BASELINE SQL PASS 72
2026-09-25T13:20:42.0686923Z [
2026-09-25T13:20:42.0688111Z   { nspname: 'public', count: 30 },
2026-09-25T13:20:42.0688729Z   { nspname: 'dv_v16_private', count: 9 }
2026-09-25T13:20:42.0689216Z ]
2026-09-25T13:20:42.2079351Z APPLIED U001 database/market-seller-compliance-v1.sql
2026-09-25T13:20:42.2231037Z APPLIED U002 database/production-upgrade/notice-action-source-61404cf.sql
2026-09-25T13:20:42.2358675Z APPLIED U003 database/market-checkout-compliance-v1.sql
2026-09-25T13:20:42.2494985Z APPLIED U004 database/market-tax-transparency-v1.sql
2026-09-25T13:20:42.2616291Z APPLIED U005 database/account-data-rights-v1.sql
2026-09-25T13:20:42.2629485Z APPLIED U006 database/account-data-erasure-username-guard-v1.sql
2026-09-25T13:20:42.2877631Z APPLIED U007 database/market-stripe-connect-sandbox-v1.sql
2026-09-25T13:20:42.2897048Z APPLIED U008 database/trade-order-lifecycle-payment-hardening-v1.sql
2026-09-25T13:20:42.2946087Z APPLIED U009 pgcrypto_digest_schema_hardening_v1
2026-09-25T13:20:42.2992110Z APPLIED U010 market_stripe_payment_result_columns_v1
2026-09-25T13:20:42.3038245Z APPLIED U011 trade_actions_column_aliases_v1
2026-09-25T13:20:42.3049684Z APPLIED U012 database/production-upgrade/trade-actions-reviewed-source.sql
2026-09-25T13:20:42.3112164Z APPLIED U013 market_stripe_event_ordering_hardening_v1
2026-09-25T13:20:42.3152175Z APPLIED U014 market_stripe_refund_evidence_hardening_v1
2026-09-25T13:20:42.3190851Z APPLIED U015 market_stripe_refund_evidence_immutability_fix_v1
2026-09-25T13:20:42.3257404Z APPLIED U016 b07_tracking_delivery_window_v1
2026-09-25T13:20:42.3351277Z APPLIED U017 b07_l07_01_release1_shipping_close_v1
2026-09-25T13:20:42.3395176Z APPLIED U018 b07_l07_01_release1_shipping_close_v1_hardening
2026-09-25T13:20:42.3480035Z APPLIED U019 b07_l07_01_shipping_deadline_hardening_v1
2026-09-25T13:20:42.3534022Z APPLIED U020 b07_c2c_eligibility_dependency_v1
2026-09-25T13:20:42.3761775Z APPLIED U021 b07_l07_01_c2c_swap_v1_schema
2026-09-25T13:20:42.3827884Z APPLIED U022 b07_l07_01_c2c_swap_v1_binding
2026-09-25T13:20:42.3873176Z APPLIED U023 b07_l07_01_c2c_swap_v1_fulfillment_shipping
2026-09-25T13:20:42.3918834Z APPLIED U024 b07_l07_01_c2c_swap_v1_fulfillment_receive
2026-09-25T13:20:42.4002661Z APPLIED U025 b07_l07_01_c2c_swap_v1_problems
2026-09-25T13:20:42.4071812Z APPLIED U026 b07_l07_01_c2c_swap_v1_pickup_schema
2026-09-25T13:20:42.4147597Z APPLIED U027 b07_l07_01_c2c_swap_v1_pickup_revision
2026-09-25T13:20:42.4188422Z APPLIED U028 b07_l07_01_c2c_swap_v1_pickup_proposals
2026-09-25T13:20:42.4232783Z APPLIED U029 b07_l07_01_c2c_swap_v1_pickup_binding
2026-09-25T13:20:42.4275877Z APPLIED U030 b07_l07_01_c2c_swap_v1_pickup_code
2026-09-25T13:20:42.4288603Z APPLIED U031 database/b07-l07-01-c2c-swap-v1-pickup.sql
2026-09-25T13:20:42.4332989Z APPLIED U032 b07_l07_01_c2c_swap_v1_completion_compat
2026-09-25T13:20:42.4375202Z APPLIED U033 b07_l07_01_c2c_swap_v1_pickup_completion_compat
2026-09-25T13:20:42.4451039Z APPLIED U034 b07_l07_01_pickup_messages_v1
2026-09-25T13:20:42.4491601Z APPLIED U035 b07_l07_01_pickup_messages_v1_list
2026-09-25T13:20:42.4559179Z APPLIED U036 b07_l07_01_order_pickup_handover_staging_repair_v1
2026-09-25T13:20:42.4614139Z APPLIED U037 account_data_rights_pickup_messages_hardening_v1
2026-09-25T13:20:42.4657431Z APPLIED U038 b07_trade_only_no_money_v1
2026-09-25T13:20:42.4697577Z APPLIED U039 b07_sealed_sale_only_v1
2026-09-25T13:20:42.4764060Z APPLIED U040 trade_notifications_v2
2026-09-25T13:20:42.4803210Z APPLIED U041 trade_notifications_v2_kind_expansion
2026-09-25T13:20:42.4857047Z APPLIED U042 trade_notifications_v2_cutover
2026-09-25T13:20:42.4917643Z APPLIED U043 b07_sale_only_release_v1
2026-09-25T13:20:42.4957915Z APPLIED U044 b07_sale_only_notifications_v1
2026-09-25T13:20:42.4997927Z APPLIED U045 b07_sale_only_public_listings_v1
2026-09-25T13:20:42.5077641Z APPLIED U046 b07_offer_reservation_v1_staging
2026-09-25T13:20:42.5116581Z APPLIED U047 b07_offer_reservation_sale_only_reads
2026-09-25T13:20:42.5156389Z APPLIED U048 b07_shipping_receipt_completion_realign_v1
2026-09-25T13:20:42.5202050Z APPLIED U049 battle_beta_account_status_v1
2026-09-25T13:20:42.5242528Z APPLIED U050 battle_dispute_resolution_v1
2026-09-25T13:20:42.5282639Z APPLIED U051 battle_judge_desk_v1
2026-09-25T13:20:42.5433874Z APPLIED U052 battle_spectator_foundation_v1
2026-09-25T13:20:42.5520104Z APPLIED U053 battle_spectator_media_v1
2026-09-25T13:20:42.5560273Z APPLIED U054 battle_spectator_media_publisher_admission_v1
2026-09-25T13:20:42.5598549Z APPLIED U055 battle_spectator_media_reconciler_v1
2026-09-25T13:20:42.5639430Z APPLIED U056 collect_empty_binder_delete
2026-09-25T13:20:42.5887350Z APPLIED U057 trade_legal_contract_model_v1
2026-09-25T13:20:42.6000193Z APPLIED U058 auth_privileged_step_up_v1
2026-09-25T13:20:42.6372361Z APPLIED U059 security_privilege_mfa_hardening_v1
2026-09-25T13:20:42.6456111Z APPLIED U060 security_readiness_v1
2026-09-25T13:20:42.9215490Z READINESS {
2026-09-25T13:20:42.9216365Z   security: { revision: 'privilege-mfa-v1', compatible: true },
2026-09-25T13:20:42.9217747Z   legal: { revision: 'trade-legal-contract-model-v1.2', compatible: true }
2026-09-25T13:20:42.9218536Z }
2026-09-25T13:20:42.9974131Z READINESS DIFF 0 []
2026-09-25T13:20:43.0406718Z P005 PASS unlocked controls: real fixed prepare/accept and price offers succeed
2026-09-25T13:20:43.0645600Z P005 PASS installation rollback leaves original schema and permissions intact
2026-09-25T13:20:43.1024650Z P005 PASS complete lock plus readiness installs atomically and reapplies idempotently
2026-09-25T13:20:43.2156743Z P005 PASS locked legal/security readiness passes without disabling existing-order UI
2026-09-25T13:20:43.2316028Z P005 PASS anon: all 17 new-commerce RPCs and six direct INSERT sinks denied
2026-09-25T13:20:43.2410248Z P005 PASS authenticated: all 17 new-commerce RPCs and six direct INSERT sinks denied
2026-09-25T13:20:43.2500951Z P005 PASS service_role: all 17 new-commerce RPCs and six direct INSERT sinks denied
2026-09-25T13:20:43.2570933Z P005 PASS all five retired swap creation sinks remain locked for privileged writes
2026-09-25T13:20:43.2616637Z P005 PASS owner/definer/replica writes, old-order grafting and republishing denied by physical triggers
2026-09-25T13:20:43.2701223Z P005 PASS service_role BYPASSRLS with adversarial future DML grants still blocked; grants rolled back
2026-09-25T13:20:43.2798593Z P005 PASS fixed fresh/prepared, service acceptance and price acceptance leave counts unchanged
2026-09-25T13:20:43.2855039Z P005 PASS service-role payment preparation for an existing order remains allowed
2026-09-25T13:20:43.2913034Z P005 PASS accepted fixed retries, reservation release, offer decline and withdrawal remain usable
2026-09-25T13:20:43.3582472Z P005 PASS real HTTP checkout handler + real DB: locked fixed request returns 409 before any provider call
2026-09-25T13:20:43.3615355Z P005 PASS real HTTP fixed-price accepted replay recovers existing payment through mocked read only
2026-09-25T13:20:43.4009816Z P005 PASS actual own-order reads/export, problem open/withdraw, cancellation acceptance and listing closure succeed
2026-09-25T13:20:43.4139618Z P005 PASS actual B2C withdrawal/receipt and service-role full-refund preparation succeed
2026-09-25T13:20:43.4218358Z P005 PASS existing manual order receipt completes under lock
2026-09-25T13:20:43.4362500Z P005 PASS actual data-rights request, claim, listing anonymization and DB completion succeed; external Auth/Storage not invoked
2026-09-25T13:20:43.4968218Z P005 PASS disabled lock trigger makes readiness fail closed
2026-09-25T13:20:43.4980059Z P0-05 REHEARSAL COMPLETE
2026-09-25T13:20:43.5451064Z ##[group]Run actions/upload-artifact@v4
2026-09-25T13:20:43.5451375Z with:
2026-09-25T13:20:43.5451612Z   name: production-upgrade-p001-evidence
2026-09-25T13:20:43.5451918Z   path: test-results/production-*
2026-09-25T13:20:43.5452194Z   if-no-files-found: error
2026-09-25T13:20:43.5452440Z   compression-level: 6
2026-09-25T13:20:43.5452666Z   overwrite: false
2026-09-25T13:20:43.5452902Z   include-hidden-files: false
2026-09-25T13:20:43.5453142Z env:
2026-09-25T13:20:43.5453338Z   PGHOST: localhost
2026-09-25T13:20:43.5453552Z   PGUSER: postgres
2026-09-25T13:20:43.5453776Z   PGPASSWORD: isolated-ci-only
2026-09-25T13:20:43.5454026Z   PGDATABASE: postgres
2026-09-25T13:20:43.5454302Z   P001_HEAD_SHA: 47f2a7c83103fc63e2fe249131ce707549f04b74
2026-09-25T13:20:43.5454616Z ##[endgroup]
2026-09-25T13:20:43.7086139Z (node:2796) [DEP0040] DeprecationWarning: The `punycode` module is deprecated. Please use a userland alternative instead.
2026-09-25T13:20:43.7087764Z (Use `node --trace-deprecation ...` to show where the warning was created)
2026-09-25T13:20:43.7182113Z With the provided path, there will be 11 files uploaded
2026-09-25T13:20:43.7183139Z Artifact name is valid!
2026-09-25T13:20:43.7183679Z Root directory input is valid!
2026-09-25T13:20:43.9217007Z Beginning upload of artifact content to blob storage
2026-09-25T13:20:43.9794756Z (node:2796) [DEP0169] DeprecationWarning: `url.parse()` behavior is not standardized and prone to errors that have security implications. Use the WHATWG URL API instead. CVEs are not issued for `url.parse()` vulnerabilities.
2026-09-25T13:20:44.0074238Z Uploaded bytes 207060
2026-09-25T13:20:44.0330909Z Finished uploading artifact content to blob storage!
2026-09-25T13:20:44.0332203Z SHA256 digest of uploaded artifact zip is b0c409ab978722b67d6ca59061d5534865e1679117744feef5179dbd165d2fcc
2026-09-25T13:20:44.0333141Z Finalizing artifact upload
2026-09-25T13:20:44.2196371Z Artifact production-upgrade-p001-evidence.zip successfully finalized. Artifact ID 10866133504
2026-09-25T13:20:44.2198302Z Artifact production-upgrade-p001-evidence has been successfully uploaded! Final size is 207060 bytes. Artifact ID is 10866133504
2026-09-25T13:20:44.2203835Z Artifact download URL: https://github.com/Bennyescaped/duelvanta/actions/runs/36140299326/artifacts/10866133504
2026-09-25T13:20:44.2370130Z Post job cleanup.
2026-09-25T13:20:44.3618130Z (node:2810) [DEP0040] DeprecationWarning: The `punycode` module is deprecated. Please use a userland alternative instead.
2026-09-25T13:20:44.3619762Z (Use `node --trace-deprecation ...` to show where the warning was created)
2026-09-25T13:20:44.3852607Z Post job cleanup.
2026-09-25T13:20:44.4880703Z [command]/usr/bin/git version
2026-09-25T13:20:44.4929650Z git version 2.55.0
2026-09-25T13:20:44.4982392Z Temporarily overriding HOME='/home/runner/work/_temp/6e6d5a0d-0bbf-436b-9e51-34d925f819ee' before making global git config changes
2026-09-25T13:20:44.4984026Z Adding repository directory to the temporary git global config as a safe directory
2026-09-25T13:20:44.4985540Z [command]/usr/bin/git config --global --add safe.directory /home/runner/work/duelvanta/duelvanta
2026-09-25T13:20:44.5050790Z [command]/usr/bin/git config --local --name-only --get-regexp core\.sshCommand
2026-09-25T13:20:44.5098532Z [command]/usr/bin/git submodule foreach --recursive sh -c "git config --local --name-only --get-regexp 'core\.sshCommand' && git config --local --unset-all 'core.sshCommand' || :"
2026-09-25T13:20:44.5400803Z [command]/usr/bin/git config --local --name-only --get-regexp http\.https\:\/\/github\.com\/\.extraheader
2026-09-25T13:20:44.5424571Z http.https://github.com/.extraheader
2026-09-25T13:20:44.5438071Z [command]/usr/bin/git config --local --unset-all http.https://github.com/.extraheader
2026-09-25T13:20:44.5476830Z [command]/usr/bin/git submodule foreach --recursive sh -c "git config --local --name-only --get-regexp 'http\.https\:\/\/github\.com\/\.extraheader' && git config --local --unset-all 'http.https://github.com/.extraheader' || :"
2026-09-25T13:20:44.5755045Z [command]/usr/bin/git config --local --name-only --get-regexp ^includeIf\.gitdir:
2026-09-25T13:20:44.5785286Z [command]/usr/bin/git submodule foreach --recursive git config --local --show-origin --name-only --get-regexp remote.origin.url
2026-09-25T13:20:44.6142486Z Print service container logs: 334d8be2db004b44b15bf8932206a285_postgres17_c7f35a
2026-09-25T13:20:44.6147250Z ##[command]/usr/bin/docker logs --details 3d7ed6d03c9842a287f82ee584e7d9a3cca1bfd44c83d15765d72ed7559c5a43
2026-09-25T13:20:44.6276024Z  The files belonging to this database system will be owned by user "postgres".
2026-09-25T13:20:44.6288292Z  This user must also own the server process.
2026-09-25T13:20:44.6298969Z  initdb: warning: enabling "trust" authentication for local connections
2026-09-25T13:20:44.6300413Z  
2026-09-25T13:20:44.6301603Z  The database cluster will be initialized with locale "en_US.utf8".
2026-09-25T13:20:44.6302114Z  The default database encoding has accordingly been set to "UTF8".
2026-09-25T13:20:44.6302617Z  The default text search configuration will be set to "english".
2026-09-25T13:20:44.6302974Z  
2026-09-25T13:20:44.6303186Z  Data page checksums are disabled.
2026-09-25T13:20:44.6303449Z  
2026-09-25T13:20:44.6303815Z  fixing permissions on existing directory /var/lib/postgresql/data ... ok
2026-09-25T13:20:44.6304241Z  creating subdirectories ... ok
2026-09-25T13:20:44.6304585Z  selecting dynamic shared memory implementation ... posix
2026-09-25T13:20:44.6304989Z  selecting default "max_connections" ... 100
2026-09-25T13:20:44.6308192Z  initdb: hint: You can change this by editing pg_hba.conf or using the option -A, or --auth-local and --auth-host, the next time you run initdb.
2026-09-25T13:20:44.6309271Z  2026-09-25 13:20:26.146 UTC [1] LOG:  starting PostgreSQL 17.11 (Debian 17.11-1.pgdg13+2) on x86_64-pc-linux-gnu, compiled by gcc (Debian 14.2.0-19) 14.2.0, 64-bit
2026-09-25T13:20:44.6310064Z  2026-09-25 13:20:26.147 UTC [1] LOG:  listening on IPv4 address "0.0.0.0", port 5432
2026-09-25T13:20:44.6310953Z  2026-09-25 13:20:26.147 UTC [1] LOG:  listening on IPv6 address "::", port 5432
2026-09-25T13:20:44.6311517Z  2026-09-25 13:20:26.148 UTC [1] LOG:  listening on Unix socket "/var/run/postgresql/.s.PGSQL.5432"
2026-09-25T13:20:44.6312114Z  2026-09-25 13:20:26.150 UTC [63] LOG:  database system was shut down at 2026-09-25 13:20:26 UTC
2026-09-25T13:20:44.6312828Z  2026-09-25 13:20:26.153 UTC [1] LOG:  database system is ready to accept connections
2026-09-25T13:20:44.6313274Z  selecting default "shared_buffers" ... 128MB
2026-09-25T13:20:44.6313755Z  2026-09-25 13:20:30.325 UTC [74] FATAL:  role "root" does not exist
2026-09-25T13:20:44.6314133Z  selecting default time zone ... Etc/UTC
2026-09-25T13:20:44.6314575Z  2026-09-25 13:20:35.386 UTC [81] FATAL:  role "root" does not exist
2026-09-25T13:20:44.6314939Z  creating configuration files ... ok
2026-09-25T13:20:44.6315459Z  2026-09-25 13:20:39.080 UTC [83] WARNING:  "wal_level" is insufficient to publish logical changes
2026-09-25T13:20:44.6315930Z  running bootstrap script ... ok
2026-09-25T13:20:44.6316439Z  2026-09-25 13:20:39.080 UTC [83] HINT:  Set "wal_level" to "logical" before creating subscriptions.
2026-09-25T13:20:44.6316934Z  performing post-bootstrap initialization ... ok
2026-09-25T13:20:44.6317658Z  2026-09-25 13:20:39.440 UTC [83] ERROR:  division by zero
2026-09-25T13:20:44.6317997Z  syncing data to disk ... ok
2026-09-25T13:20:44.6318419Z  2026-09-25 13:20:39.440 UTC [83] STATEMENT:  select 1/0
2026-09-25T13:20:44.6318723Z  
2026-09-25T13:20:44.6319102Z  2026-09-25 13:20:40.252 UTC [61] LOG:  checkpoint starting: immediate force wait
2026-09-25T13:20:44.6319490Z  
2026-09-25T13:20:44.6320499Z  2026-09-25 13:20:40.265 UTC [61] LOG:  checkpoint complete: wrote 25 buffers (0.2%); 1 WAL file(s) added, 0 removed, 0 recycled; write=0.001 s, sync=0.002 s, total=0.014 s; sync files=13, longest=0.001 s, average=0.001 s; distance=10902 kB, estimate=10902 kB; lsn=0/1F95108, redo lsn=0/1F950B0
2026-09-25T13:20:44.6321574Z  Success. You can now start the database server using:
2026-09-25T13:20:44.6322142Z  2026-09-25 13:20:40.438 UTC [91] WARNING:  "wal_level" is insufficient to publish logical changes
2026-09-25T13:20:44.6322566Z  
2026-09-25T13:20:44.6323199Z  2026-09-25 13:20:40.438 UTC [91] HINT:  Set "wal_level" to "logical" before creating subscriptions.
2026-09-25T13:20:44.6323708Z      pg_ctl -D /var/lib/postgresql/data -l logfile start
2026-09-25T13:20:44.6324202Z  2026-09-25 13:20:40.453 UTC [93] FATAL:  role "root" does not exist
2026-09-25T13:20:44.6324531Z  
2026-09-25T13:20:44.6324846Z  2026-09-25 13:20:40.793 UTC [91] ERROR:  division by zero
2026-09-25T13:20:44.6325631Z  waiting for server to start....2026-09-25 13:20:25.906 UTC [49] LOG:  starting PostgreSQL 17.11 (Debian 17.11-1.pgdg13+2) on x86_64-pc-linux-gnu, compiled by gcc (Debian 14.2.0-19) 14.2.0, 64-bit
2026-09-25T13:20:44.6326492Z  2026-09-25 13:20:40.793 UTC [91] STATEMENT:  select 1/0
2026-09-25T13:20:44.6326960Z  2026-09-25 13:20:25.907 UTC [49] LOG:  listening on Unix socket "/var/run/postgresql/.s.PGSQL.5432"
2026-09-25T13:20:44.6328004Z  2026-09-25 13:20:41.554 UTC [91] ERROR:  permission denied for table market_orders
2026-09-25T13:20:44.6328947Z  2026-09-25 13:20:25.909 UTC [52] LOG:  database system was shut down at 2026-09-25 13:20:25 UTC
2026-09-25T13:20:44.6329963Z  2026-09-25 13:20:41.554 UTC [91] STATEMENT:  select * from public.market_orders
2026-09-25T13:20:44.6330855Z  2026-09-25 13:20:41.560 UTC [91] ERROR:  permission denied for table market_orders
2026-09-25T13:20:44.6331718Z  2026-09-25 13:20:41.560 UTC [91] STATEMENT:  select * from public.market_orders
2026-09-25T13:20:44.6332570Z  2026-09-25 13:20:41.563 UTC [91] ERROR:  mfa_step_up_required
2026-09-25T13:20:44.6333627Z  2026-09-25 13:20:41.563 UTC [91] CONTEXT:  PL/pgSQL function public.require_duelvanta_privileged_session() line 5 at RAISE
2026-09-25T13:20:44.6334915Z  2026-09-25 13:20:41.563 UTC [91] STATEMENT:  select public.require_duelvanta_privileged_session()
2026-09-25T13:20:44.6336085Z  2026-09-25 13:20:41.645 UTC [61] LOG:  checkpoint starting: immediate force wait
2026-09-25T13:20:44.6338262Z  2026-09-25 13:20:41.648 UTC [61] LOG:  checkpoint complete: wrote 26 buffers (0.2%); 0 WAL file(s) added, 0 removed, 1 recycled; write=0.001 s, sync=0.001 s, total=0.004 s; sync files=11, longest=0.001 s, average=0.001 s; distance=10986 kB, estimate=10986 kB; lsn=0/2A4FBE8, redo lsn=0/2A4FB90
2026-09-25T13:20:44.6339887Z  2026-09-25 13:20:41.807 UTC [95] WARNING:  "wal_level" is insufficient to publish logical changes
2026-09-25T13:20:44.6340495Z  2026-09-25 13:20:41.807 UTC [95] HINT:  Set "wal_level" to "logical" before creating subscriptions.
2026-09-25T13:20:44.6341004Z  2026-09-25 13:20:42.163 UTC [95] ERROR:  division by zero
2026-09-25T13:20:44.6341375Z  2026-09-25 13:20:42.163 UTC [95] STATEMENT:  select 1/0
2026-09-25T13:20:44.6341805Z  2026-09-25 13:20:42.911 UTC [95] ERROR:  permission denied for table market_orders
2026-09-25T13:20:44.6342296Z  2026-09-25 13:20:42.911 UTC [95] STATEMENT:  select * from public.market_orders
2026-09-25T13:20:44.6342787Z  2026-09-25 13:20:42.917 UTC [95] ERROR:  permission denied for table market_orders
2026-09-25T13:20:44.6343311Z  2026-09-25 13:20:42.917 UTC [95] STATEMENT:  select * from public.market_orders
2026-09-25T13:20:44.6343752Z  2026-09-25 13:20:42.920 UTC [95] ERROR:  mfa_step_up_required
2026-09-25T13:20:44.6344336Z  2026-09-25 13:20:42.920 UTC [95] CONTEXT:  PL/pgSQL function public.require_duelvanta_privileged_session() line 5 at RAISE
2026-09-25T13:20:44.6345038Z  2026-09-25 13:20:42.920 UTC [95] STATEMENT:  select public.require_duelvanta_privileged_session()
2026-09-25T13:20:44.6345625Z  2026-09-25 13:20:43.222 UTC [95] ERROR:  permission denied for function edit_my_market_listing
2026-09-25T13:20:44.6346311Z  2026-09-25 13:20:43.222 UTC [95] STATEMENT:  select public.edit_my_market_listing(null::uuid,null::text,null::numeric,null::text)
2026-09-25T13:20:44.6347047Z  2026-09-25 13:20:43.223 UTC [95] ERROR:  permission denied for function edit_my_sealed_market_listing_v2
2026-09-25T13:20:44.6349002Z  2026-09-25 13:20:43.223 UTC [95] STATEMENT:  select public.edit_my_sealed_market_listing_v2(null::uuid,null::text,null::text,null::text,null::text,null::text,null::text,null::integer,null::integer,null::jsonb,null::text,null::integer,null::integer,null::integer,null::integer,null::integer,null::text,null::numeric,null::text,null::text,null::numeric,null::text)
2026-09-25T13:20:44.6350480Z  2026-09-25 13:20:43.223 UTC [95] ERROR:  permission denied for function create_sealed_market_listing_draft_v3
2026-09-25T13:20:44.6351946Z  2026-09-25 13:20:43.223 UTC [95] STATEMENT:  select public.create_sealed_market_listing_draft_v3(null::text,null::text,null::text,null::text,null::text,null::text,null::integer,null::integer,null::jsonb,null::text,null::integer,null::integer,null::integer,null::integer,null::integer,null::text,null::text,null::numeric,null::text,null::text,null::numeric,null::text)
2026-09-25T13:20:44.6353398Z  2026-09-25 13:20:43.223 UTC [95] ERROR:  permission denied for function publish_my_sealed_market_listing
2026-09-25T13:20:44.6354044Z  2026-09-25 13:20:43.223 UTC [95] STATEMENT:  select public.publish_my_sealed_market_listing(null::uuid)
2026-09-25T13:20:44.6354647Z  2026-09-25 13:20:43.224 UTC [95] ERROR:  permission denied for function buy_market_listing_v2
2026-09-25T13:20:44.6355389Z  2026-09-25 13:20:43.224 UTC [95] STATEMENT:  select public.buy_market_listing_v2(null::uuid,null::integer,null::uuid,null::timestamp with time zone)
2026-09-25T13:20:44.6356142Z  2026-09-25 13:20:43.224 UTC [95] ERROR:  permission denied for function renew_my_market_listing
2026-09-25T13:20:44.6356708Z  2026-09-25 13:20:43.224 UTC [95] STATEMENT:  select public.renew_my_market_listing(null::uuid)
2026-09-25T13:20:44.6357731Z  2026-09-25 13:20:43.225 UTC [95] ERROR:  permission denied for function create_sealed_market_listing_draft
2026-09-25T13:20:44.6359113Z  2026-09-25 13:20:43.225 UTC [95] STATEMENT:  select public.create_sealed_market_listing_draft(null::text,null::text,null::text,null::text,null::text,null::text,null::integer,null::text,null::integer,null::integer,null::integer,null::integer,null::integer,null::text,null::numeric,null::text,null::text,null::numeric,null::text)
2026-09-25T13:20:44.6360577Z  2026-09-25 13:20:43.225 UTC [95] ERROR:  permission denied for function edit_my_sealed_market_listing
2026-09-25T13:20:44.6361874Z  2026-09-25 13:20:43.225 UTC [95] STATEMENT:  select public.edit_my_sealed_market_listing(null::uuid,null::text,null::text,null::text,null::text,null::text,null::integer,null::text,null::integer,null::integer,null::integer,null::integer,null::integer,null::text,null::numeric,null::text,null::text,null::numeric,null::text)
2026-09-25T13:20:44.6363211Z  2026-09-25 13:20:43.225 UTC [95] ERROR:  permission denied for function create_sealed_market_listing_draft_v2
2026-09-25T13:20:44.6364647Z  2026-09-25 13:20:43.225 UTC [95] STATEMENT:  select public.create_sealed_market_listing_draft_v2(null::text,null::text,null::text,null::text,null::text,null::text,null::integer,null::integer,null::jsonb,null::text,null::integer,null::integer,null::integer,null::integer,null::integer,null::text,null::numeric,null::text,null::text,null::numeric,null::text)
2026-09-25T13:20:44.6366028Z  2026-09-25 13:20:43.226 UTC [95] ERROR:  permission denied for function buy_market_listing_v1
2026-09-25T13:20:44.6366639Z  2026-09-25 13:20:43.226 UTC [95] STATEMENT:  select public.buy_market_listing_v1(null::uuid,null::integer)
2026-09-25T13:20:44.6367269Z  2026-09-25 13:20:43.226 UTC [95] ERROR:  permission denied for function edit_my_market_listing_v3
2026-09-25T13:20:44.6368327Z  2026-09-25 13:20:43.226 UTC [95] STATEMENT:  select public.edit_my_market_listing_v3(null::uuid,null::text,null::text,null::numeric,null::text,null::text,null::numeric,null::text)
2026-09-25T13:20:44.6369202Z  2026-09-25 13:20:43.227 UTC [95] ERROR:  permission denied for function edit_my_sealed_market_listing_v3
2026-09-25T13:20:44.6370769Z  2026-09-25 13:20:43.227 UTC [95] STATEMENT:  select public.edit_my_sealed_market_listing_v3(null::uuid,null::text,null::text,null::text,null::text,null::text,null::text,null::integer,null::integer,null::jsonb,null::text,null::integer,null::integer,null::integer,null::integer,null::integer,null::text,null::text,null::numeric,null::text,null::text,null::numeric,null::text)
2026-09-25T13:20:44.6372194Z  2026-09-25 13:20:43.227 UTC [95] ERROR:  permission denied for function create_market_offer_v2
2026-09-25T13:20:44.6372893Z  2026-09-25 13:20:43.227 UTC [95] STATEMENT:  select public.create_market_offer_v2(null::uuid,null::integer,null::numeric,null::text)
2026-09-25T13:20:44.6373600Z  2026-09-25 13:20:43.227 UTC [95] ERROR:  permission denied for function edit_my_market_listing_v2
2026-09-25T13:20:44.6374415Z  2026-09-25 13:20:43.227 UTC [95] STATEMENT:  select public.edit_my_market_listing_v2(null::uuid,null::text,null::numeric,null::text,null::text,null::numeric,null::text)
2026-09-25T13:20:44.6375211Z  2026-09-25 13:20:43.228 UTC [95] ERROR:  permission denied for function buy_market_listing_v3
2026-09-25T13:20:44.6375985Z  2026-09-25 13:20:43.228 UTC [95] STATEMENT:  select public.buy_market_listing_v3(null::uuid,null::integer,null::uuid,null::timestamp with time zone,null::text)
2026-09-25T13:20:44.6376815Z  2026-09-25 13:20:43.228 UTC [95] ERROR:  permission denied for function checkout_accepted_market_offer_v1
2026-09-25T13:20:44.6377752Z  2026-09-25 13:20:43.228 UTC [95] STATEMENT:  select public.checkout_accepted_market_offer_v1(null::uuid,null::uuid,null::text)
2026-09-25T13:20:44.6378436Z  2026-09-25 13:20:43.228 UTC [95] ERROR:  permission denied for function create_market_offer_v3
2026-09-25T13:20:44.6379302Z  2026-09-25 13:20:43.228 UTC [95] STATEMENT:  select public.create_market_offer_v3(null::uuid,null::integer,null::numeric,null::text,null::timestamp with time zone,null::text)
2026-09-25T13:20:44.6380109Z  2026-09-25 13:20:43.229 UTC [95] ERROR:  permission denied for table market_listings
2026-09-25T13:20:44.6380778Z  2026-09-25 13:20:43.229 UTC [95] STATEMENT:  insert into public.market_listings default values
2026-09-25T13:20:44.6381328Z  2026-09-25 13:20:43.229 UTC [95] ERROR:  permission denied for table market_offers
2026-09-25T13:20:44.6381857Z  2026-09-25 13:20:43.229 UTC [95] STATEMENT:  insert into public.market_offers default values
2026-09-25T13:20:44.6382384Z  2026-09-25 13:20:43.230 UTC [95] ERROR:  permission denied for table market_deals
2026-09-25T13:20:44.6382907Z  2026-09-25 13:20:43.230 UTC [95] STATEMENT:  insert into public.market_deals default values
2026-09-25T13:20:44.6383423Z  2026-09-25 13:20:43.230 UTC [95] ERROR:  permission denied for table market_orders
2026-09-25T13:20:44.6383936Z  2026-09-25 13:20:43.230 UTC [95] STATEMENT:  insert into public.market_orders default values
2026-09-25T13:20:44.6384482Z  2026-09-25 13:20:43.230 UTC [95] ERROR:  permission denied for table market_order_items
2026-09-25T13:20:44.6385039Z  2026-09-25 13:20:43.230 UTC [95] STATEMENT:  insert into public.market_order_items default values
2026-09-25T13:20:44.6385609Z  2026-09-25 13:20:43.231 UTC [95] ERROR:  permission denied for table market_listing_images
2026-09-25T13:20:44.6386196Z  2026-09-25 13:20:43.231 UTC [95] STATEMENT:  insert into public.market_listing_images default values
2026-09-25T13:20:44.6386789Z  2026-09-25 13:20:43.232 UTC [95] ERROR:  permission denied for function edit_my_market_listing
2026-09-25T13:20:44.6387716Z  2026-09-25 13:20:43.232 UTC [95] STATEMENT:  select public.edit_my_market_listing(null::uuid,null::text,null::numeric,null::text)
2026-09-25T13:20:44.6388460Z  2026-09-25 13:20:43.232 UTC [95] ERROR:  permission denied for function edit_my_sealed_market_listing_v2
2026-09-25T13:20:44.6389893Z  2026-09-25 13:20:43.232 UTC [95] STATEMENT:  select public.edit_my_sealed_market_listing_v2(null::uuid,null::text,null::text,null::text,null::text,null::text,null::text,null::integer,null::integer,null::jsonb,null::text,null::integer,null::integer,null::integer,null::integer,null::integer,null::text,null::numeric,null::text,null::text,null::numeric,null::text)
2026-09-25T13:20:44.6391361Z  2026-09-25 13:20:43.233 UTC [95] ERROR:  permission denied for function create_sealed_market_listing_draft_v3
2026-09-25T13:20:44.6392983Z  2026-09-25 13:20:43.233 UTC [95] STATEMENT:  select public.create_sealed_market_listing_draft_v3(null::text,null::text,null::text,null::text,null::text,null::text,null::integer,null::integer,null::jsonb,null::text,null::integer,null::integer,null::integer,null::integer,null::integer,null::text,null::text,null::numeric,null::text,null::text,null::numeric,null::text)
2026-09-25T13:20:44.6394449Z  2026-09-25 13:20:43.233 UTC [95] ERROR:  permission denied for function publish_my_sealed_market_listing
2026-09-25T13:20:44.6395094Z  2026-09-25 13:20:43.233 UTC [95] STATEMENT:  select public.publish_my_sealed_market_listing(null::uuid)
2026-09-25T13:20:44.6395696Z  2026-09-25 13:20:43.233 UTC [95] ERROR:  permission denied for function buy_market_listing_v2
2026-09-25T13:20:44.6396455Z  2026-09-25 13:20:43.233 UTC [95] STATEMENT:  select public.buy_market_listing_v2(null::uuid,null::integer,null::uuid,null::timestamp with time zone)
2026-09-25T13:20:44.6397211Z  2026-09-25 13:20:43.234 UTC [95] ERROR:  permission denied for function renew_my_market_listing
2026-09-25T13:20:44.6398057Z  2026-09-25 13:20:43.234 UTC [95] STATEMENT:  select public.renew_my_market_listing(null::uuid)
2026-09-25T13:20:44.6398684Z  2026-09-25 13:20:43.234 UTC [95] ERROR:  permission denied for function create_sealed_market_listing_draft
2026-09-25T13:20:44.6400028Z  2026-09-25 13:20:43.234 UTC [95] STATEMENT:  select public.create_sealed_market_listing_draft(null::text,null::text,null::text,null::text,null::text,null::text,null::integer,null::text,null::integer,null::integer,null::integer,null::integer,null::integer,null::text,null::numeric,null::text,null::text,null::numeric,null::text)
2026-09-25T13:20:44.6401353Z  2026-09-25 13:20:43.234 UTC [95] ERROR:  permission denied for function edit_my_sealed_market_listing
2026-09-25T13:20:44.6402780Z  2026-09-25 13:20:43.234 UTC [95] STATEMENT:  select public.edit_my_sealed_market_listing(null::uuid,null::text,null::text,null::text,null::text,null::text,null::integer,null::text,null::integer,null::integer,null::integer,null::integer,null::integer,null::text,null::numeric,null::text,null::text,null::numeric,null::text)
2026-09-25T13:20:44.6404100Z  2026-09-25 13:20:43.235 UTC [95] ERROR:  permission denied for function create_sealed_market_listing_draft_v2
2026-09-25T13:20:44.6405536Z  2026-09-25 13:20:43.235 UTC [95] STATEMENT:  select public.create_sealed_market_listing_draft_v2(null::text,null::text,null::text,null::text,null::text,null::text,null::integer,null::integer,null::jsonb,null::text,null::integer,null::integer,null::integer,null::integer,null::integer,null::text,null::numeric,null::text,null::text,null::numeric,null::text)
2026-09-25T13:20:44.6406912Z  2026-09-25 13:20:43.235 UTC [95] ERROR:  permission denied for function buy_market_listing_v1
2026-09-25T13:20:44.6407782Z  2026-09-25 13:20:43.235 UTC [95] STATEMENT:  select public.buy_market_listing_v1(null::uuid,null::integer)
2026-09-25T13:20:44.6408406Z  2026-09-25 13:20:43.235 UTC [95] ERROR:  permission denied for function edit_my_market_listing_v3
2026-09-25T13:20:44.6409256Z  2026-09-25 13:20:43.235 UTC [95] STATEMENT:  select public.edit_my_market_listing_v3(null::uuid,null::text,null::text,null::numeric,null::text,null::text,null::numeric,null::text)
2026-09-25T13:20:44.6410134Z  2026-09-25 13:20:43.236 UTC [95] ERROR:  permission denied for function edit_my_sealed_market_listing_v3
2026-09-25T13:20:44.6411581Z  2026-09-25 13:20:43.236 UTC [95] STATEMENT:  select public.edit_my_sealed_market_listing_v3(null::uuid,null::text,null::text,null::text,null::text,null::text,null::text,null::integer,null::integer,null::jsonb,null::text,null::integer,null::integer,null::integer,null::integer,null::integer,null::text,null::text,null::numeric,null::text,null::text,null::numeric,null::text)
2026-09-25T13:20:44.6413004Z  2026-09-25 13:20:43.236 UTC [95] ERROR:  permission denied for function create_market_offer_v2
2026-09-25T13:20:44.6413702Z  2026-09-25 13:20:43.236 UTC [95] STATEMENT:  select public.create_market_offer_v2(null::uuid,null::integer,null::numeric,null::text)
2026-09-25T13:20:44.6414533Z  2026-09-25 13:20:43.237 UTC [95] ERROR:  permission denied for function edit_my_market_listing_v2
2026-09-25T13:20:44.6415358Z  2026-09-25 13:20:43.237 UTC [95] STATEMENT:  select public.edit_my_market_listing_v2(null::uuid,null::text,null::numeric,null::text,null::text,null::numeric,null::text)
2026-09-25T13:20:44.6416160Z  2026-09-25 13:20:43.237 UTC [95] ERROR:  permission denied for function buy_market_listing_v3
2026-09-25T13:20:44.6416943Z  2026-09-25 13:20:43.237 UTC [95] STATEMENT:  select public.buy_market_listing_v3(null::uuid,null::integer,null::uuid,null::timestamp with time zone,null::text)
2026-09-25T13:20:44.6418050Z  2026-09-25 13:20:43.237 UTC [95] ERROR:  permission denied for function checkout_accepted_market_offer_v1
2026-09-25T13:20:44.6418792Z  2026-09-25 13:20:43.237 UTC [95] STATEMENT:  select public.checkout_accepted_market_offer_v1(null::uuid,null::uuid,null::text)
2026-09-25T13:20:44.6419479Z  2026-09-25 13:20:43.238 UTC [95] ERROR:  permission denied for function create_market_offer_v3
2026-09-25T13:20:44.6420311Z  2026-09-25 13:20:43.238 UTC [95] STATEMENT:  select public.create_market_offer_v3(null::uuid,null::integer,null::numeric,null::text,null::timestamp with time zone,null::text)
2026-09-25T13:20:44.6421108Z  2026-09-25 13:20:43.238 UTC [95] ERROR:  permission denied for table market_listings
2026-09-25T13:20:44.6421647Z  2026-09-25 13:20:43.238 UTC [95] STATEMENT:  insert into public.market_listings default values
2026-09-25T13:20:44.6422176Z  2026-09-25 13:20:43.239 UTC [95] ERROR:  permission denied for table market_offers
2026-09-25T13:20:44.6422700Z  2026-09-25 13:20:43.239 UTC [95] STATEMENT:  insert into public.market_offers default values
2026-09-25T13:20:44.6423377Z  2026-09-25 13:20:25.913 UTC [49] LOG:  database system is ready to accept connections
2026-09-25T13:20:44.6423762Z   done
2026-09-25T13:20:44.6423962Z  server started
2026-09-25T13:20:44.6424171Z  
2026-09-25T13:20:44.6424511Z  /usr/local/bin/docker-entrypoint.sh: ignoring /docker-entrypoint-initdb.d/*
2026-09-25T13:20:44.6424919Z  
2026-09-25T13:20:44.6425187Z  2026-09-25 13:20:26.025 UTC [49] LOG:  received fast shutdown request
2026-09-25T13:20:44.6425735Z  waiting for server to shut down....2026-09-25 13:20:26.026 UTC [49] LOG:  aborting any active transactions
2026-09-25T13:20:44.6426437Z  2026-09-25 13:20:26.028 UTC [49] LOG:  background worker "logical replication launcher" (PID 55) exited with exit code 1
2026-09-25T13:20:44.6426987Z  2026-09-25 13:20:26.028 UTC [50] LOG:  shutting down
2026-09-25T13:20:44.6427639Z  2026-09-25 13:20:26.028 UTC [50] LOG:  checkpoint starting: shutdown immediate
2026-09-25T13:20:44.6428713Z  2026-09-25 13:20:26.030 UTC [50] LOG:  checkpoint complete: wrote 3 buffers (0.0%); 0 WAL file(s) added, 0 removed, 0 recycled; write=0.001 s, sync=0.001 s, total=0.003 s; sync files=2, longest=0.001 s, average=0.001 s; distance=0 kB, estimate=0 kB; lsn=0/14EF800, redo lsn=0/14EF800
2026-09-25T13:20:44.6429765Z  2026-09-25 13:20:26.034 UTC [49] LOG:  database system is shut down
2026-09-25T13:20:44.6430103Z   done
2026-09-25T13:20:44.6430301Z  server stopped
2026-09-25T13:20:44.6430511Z  
2026-09-25T13:20:44.6430768Z  PostgreSQL init process complete; ready for start up.
2026-09-25T13:20:44.6431090Z  
2026-09-25T13:20:44.6431435Z  2026-09-25 13:20:43.239 UTC [95] ERROR:  permission denied for table market_deals
2026-09-25T13:20:44.6431970Z  2026-09-25 13:20:43.239 UTC [95] STATEMENT:  insert into public.market_deals default values
2026-09-25T13:20:44.6432501Z  2026-09-25 13:20:43.239 UTC [95] ERROR:  permission denied for table market_orders
2026-09-25T13:20:44.6433023Z  2026-09-25 13:20:43.239 UTC [95] STATEMENT:  insert into public.market_orders default values
2026-09-25T13:20:44.6433568Z  2026-09-25 13:20:43.240 UTC [95] ERROR:  permission denied for table market_order_items
2026-09-25T13:20:44.6434137Z  2026-09-25 13:20:43.240 UTC [95] STATEMENT:  insert into public.market_order_items default values
2026-09-25T13:20:44.6434862Z  2026-09-25 13:20:43.240 UTC [95] ERROR:  permission denied for table market_listing_images
2026-09-25T13:20:44.6435463Z  2026-09-25 13:20:43.240 UTC [95] STATEMENT:  insert into public.market_listing_images default values
2026-09-25T13:20:44.6436054Z  2026-09-25 13:20:43.241 UTC [95] ERROR:  permission denied for function edit_my_market_listing
2026-09-25T13:20:44.6436748Z  2026-09-25 13:20:43.241 UTC [95] STATEMENT:  select public.edit_my_market_listing(null::uuid,null::text,null::numeric,null::text)
2026-09-25T13:20:44.6437606Z  2026-09-25 13:20:43.242 UTC [95] ERROR:  permission denied for function edit_my_sealed_market_listing_v2
2026-09-25T13:20:44.6439045Z  2026-09-25 13:20:43.242 UTC [95] STATEMENT:  select public.edit_my_sealed_market_listing_v2(null::uuid,null::text,null::text,null::text,null::text,null::text,null::text,null::integer,null::integer,null::jsonb,null::text,null::integer,null::integer,null::integer,null::integer,null::integer,null::text,null::numeric,null::text,null::text,null::numeric,null::text)
2026-09-25T13:20:44.6440502Z  2026-09-25 13:20:43.242 UTC [95] ERROR:  permission denied for function create_sealed_market_listing_draft_v3
2026-09-25T13:20:44.6441969Z  2026-09-25 13:20:43.242 UTC [95] STATEMENT:  select public.create_sealed_market_listing_draft_v3(null::text,null::text,null::text,null::text,null::text,null::text,null::integer,null::integer,null::jsonb,null::text,null::integer,null::integer,null::integer,null::integer,null::integer,null::text,null::text,null::numeric,null::text,null::text,null::numeric,null::text)
2026-09-25T13:20:44.6443442Z  2026-09-25 13:20:43.242 UTC [95] ERROR:  permission denied for function publish_my_sealed_market_listing
2026-09-25T13:20:44.6444087Z  2026-09-25 13:20:43.242 UTC [95] STATEMENT:  select public.publish_my_sealed_market_listing(null::uuid)
2026-09-25T13:20:44.6444807Z  2026-09-25 13:20:43.243 UTC [95] ERROR:  permission denied for function buy_market_listing_v2
2026-09-25T13:20:44.6445576Z  2026-09-25 13:20:43.243 UTC [95] STATEMENT:  select public.buy_market_listing_v2(null::uuid,null::integer,null::uuid,null::timestamp with time zone)
2026-09-25T13:20:44.6446328Z  2026-09-25 13:20:43.243 UTC [95] ERROR:  permission denied for function renew_my_market_listing
2026-09-25T13:20:44.6446894Z  2026-09-25 13:20:43.243 UTC [95] STATEMENT:  select public.renew_my_market_listing(null::uuid)
2026-09-25T13:20:44.6447618Z  2026-09-25 13:20:43.243 UTC [95] ERROR:  permission denied for function create_sealed_market_listing_draft
2026-09-25T13:20:44.6448954Z  2026-09-25 13:20:43.243 UTC [95] STATEMENT:  select public.create_sealed_market_listing_draft(null::text,null::text,null::text,null::text,null::text,null::text,null::integer,null::text,null::integer,null::integer,null::integer,null::integer,null::integer,null::text,null::numeric,null::text,null::text,null::numeric,null::text)
2026-09-25T13:20:44.6450277Z  2026-09-25 13:20:43.244 UTC [95] ERROR:  permission denied for function edit_my_sealed_market_listing
2026-09-25T13:20:44.6451571Z  2026-09-25 13:20:43.244 UTC [95] STATEMENT:  select public.edit_my_sealed_market_listing(null::uuid,null::text,null::text,null::text,null::text,null::text,null::integer,null::text,null::integer,null::integer,null::integer,null::integer,null::integer,null::text,null::numeric,null::text,null::text,null::numeric,null::text)
2026-09-25T13:20:44.6452896Z  2026-09-25 13:20:43.244 UTC [95] ERROR:  permission denied for function create_sealed_market_listing_draft_v2
2026-09-25T13:20:44.6454335Z  2026-09-25 13:20:43.244 UTC [95] STATEMENT:  select public.create_sealed_market_listing_draft_v2(null::text,null::text,null::text,null::text,null::text,null::text,null::integer,null::integer,null::jsonb,null::text,null::integer,null::integer,null::integer,null::integer,null::integer,null::text,null::numeric,null::text,null::text,null::numeric,null::text)
2026-09-25T13:20:44.6455715Z  2026-09-25 13:20:43.244 UTC [95] ERROR:  permission denied for function buy_market_listing_v1
2026-09-25T13:20:44.6456499Z  2026-09-25 13:20:43.244 UTC [95] STATEMENT:  select public.buy_market_listing_v1(null::uuid,null::integer)
2026-09-25T13:20:44.6457127Z  2026-09-25 13:20:43.245 UTC [95] ERROR:  permission denied for function edit_my_market_listing_v3
2026-09-25T13:20:44.6458244Z  2026-09-25 13:20:43.245 UTC [95] STATEMENT:  select public.edit_my_market_listing_v3(null::uuid,null::text,null::text,null::numeric,null::text,null::text,null::numeric,null::text)
2026-09-25T13:20:44.6459124Z  2026-09-25 13:20:43.245 UTC [95] ERROR:  permission denied for function edit_my_sealed_market_listing_v3
2026-09-25T13:20:44.6460576Z  2026-09-25 13:20:43.245 UTC [95] STATEMENT:  select public.edit_my_sealed_market_listing_v3(null::uuid,null::text,null::text,null::text,null::text,null::text,null::text,null::integer,null::integer,null::jsonb,null::text,null::integer,null::integer,null::integer,null::integer,null::integer,null::text,null::text,null::numeric,null::text,null::text,null::numeric,null::text)
2026-09-25T13:20:44.6462014Z  2026-09-25 13:20:43.245 UTC [95] ERROR:  permission denied for function create_market_offer_v2
2026-09-25T13:20:44.6462717Z  2026-09-25 13:20:43.245 UTC [95] STATEMENT:  select public.create_market_offer_v2(null::uuid,null::integer,null::numeric,null::text)
2026-09-25T13:20:44.6463422Z  2026-09-25 13:20:43.246 UTC [95] ERROR:  permission denied for function edit_my_market_listing_v2
2026-09-25T13:20:44.6464236Z  2026-09-25 13:20:43.246 UTC [95] STATEMENT:  select public.edit_my_market_listing_v2(null::uuid,null::text,null::numeric,null::text,null::text,null::numeric,null::text)
2026-09-25T13:20:44.6465042Z  2026-09-25 13:20:43.246 UTC [95] ERROR:  permission denied for function buy_market_listing_v3
2026-09-25T13:20:44.6465818Z  2026-09-25 13:20:43.246 UTC [95] STATEMENT:  select public.buy_market_listing_v3(null::uuid,null::integer,null::uuid,null::timestamp with time zone,null::text)
2026-09-25T13:20:44.6466784Z  2026-09-25 13:20:43.247 UTC [95] ERROR:  permission denied for function checkout_accepted_market_offer_v1
2026-09-25T13:20:44.6467624Z  2026-09-25 13:20:43.247 UTC [95] STATEMENT:  select public.checkout_accepted_market_offer_v1(null::uuid,null::uuid,null::text)
2026-09-25T13:20:44.6468313Z  2026-09-25 13:20:43.247 UTC [95] ERROR:  permission denied for function create_market_offer_v3
2026-09-25T13:20:44.6469134Z  2026-09-25 13:20:43.247 UTC [95] STATEMENT:  select public.create_market_offer_v3(null::uuid,null::integer,null::numeric,null::text,null::timestamp with time zone,null::text)
2026-09-25T13:20:44.6469929Z  2026-09-25 13:20:43.247 UTC [95] ERROR:  permission denied for table market_listings
2026-09-25T13:20:44.6470471Z  2026-09-25 13:20:43.247 UTC [95] STATEMENT:  insert into public.market_listings default values
2026-09-25T13:20:44.6471015Z  2026-09-25 13:20:43.248 UTC [95] ERROR:  permission denied for table market_offers
2026-09-25T13:20:44.6471548Z  2026-09-25 13:20:43.248 UTC [95] STATEMENT:  insert into public.market_offers default values
2026-09-25T13:20:44.6472077Z  2026-09-25 13:20:43.248 UTC [95] ERROR:  permission denied for table market_deals
2026-09-25T13:20:44.6472593Z  2026-09-25 13:20:43.248 UTC [95] STATEMENT:  insert into public.market_deals default values
2026-09-25T13:20:44.6473114Z  2026-09-25 13:20:43.248 UTC [95] ERROR:  permission denied for table market_orders
2026-09-25T13:20:44.6473635Z  2026-09-25 13:20:43.248 UTC [95] STATEMENT:  insert into public.market_orders default values
2026-09-25T13:20:44.6474170Z  2026-09-25 13:20:43.249 UTC [95] ERROR:  permission denied for table market_order_items
2026-09-25T13:20:44.6474725Z  2026-09-25 13:20:43.249 UTC [95] STATEMENT:  insert into public.market_order_items default values
2026-09-25T13:20:44.6475289Z  2026-09-25 13:20:43.249 UTC [95] ERROR:  permission denied for table market_listing_images
2026-09-25T13:20:44.6475870Z  2026-09-25 13:20:43.249 UTC [95] STATEMENT:  insert into public.market_listing_images default values
2026-09-25T13:20:44.6476393Z  2026-09-25 13:20:43.251 UTC [95] ERROR:  production_trade_locked
2026-09-25T13:20:44.6477126Z  2026-09-25 13:20:43.251 UTC [95] CONTEXT:  PL/pgSQL function dv_market_private.reject_new_trade_while_locked_v1() line 4 at RAISE
2026-09-25T13:20:44.6478082Z  2026-09-25 13:20:43.251 UTC [95] STATEMENT:  insert into public.market_listings default values
2026-09-25T13:20:44.6478586Z  2026-09-25 13:20:43.251 UTC [95] ERROR:  production_trade_locked
2026-09-25T13:20:44.6479193Z  2026-09-25 13:20:43.251 UTC [95] CONTEXT:  PL/pgSQL function dv_market_private.reject_new_trade_while_locked_v1() line 4 at RAISE
2026-09-25T13:20:44.6479873Z  2026-09-25 13:20:43.251 UTC [95] STATEMENT:  insert into public.market_offers default values
2026-09-25T13:20:44.6480356Z  2026-09-25 13:20:43.252 UTC [95] ERROR:  production_trade_locked
2026-09-25T13:20:44.6480950Z  2026-09-25 13:20:43.252 UTC [95] CONTEXT:  PL/pgSQL function dv_market_private.reject_new_trade_while_locked_v1() line 4 at RAISE
2026-09-25T13:20:44.6481627Z  2026-09-25 13:20:43.252 UTC [95] STATEMENT:  insert into public.market_deals default values
2026-09-25T13:20:44.6482111Z  2026-09-25 13:20:43.253 UTC [95] ERROR:  production_trade_locked
2026-09-25T13:20:44.6482704Z  2026-09-25 13:20:43.253 UTC [95] CONTEXT:  PL/pgSQL function dv_market_private.reject_new_trade_while_locked_v1() line 4 at RAISE
2026-09-25T13:20:44.6483375Z  2026-09-25 13:20:43.253 UTC [95] STATEMENT:  insert into public.market_orders default values
2026-09-25T13:20:44.6483855Z  2026-09-25 13:20:43.253 UTC [95] ERROR:  production_trade_locked
2026-09-25T13:20:44.6484449Z  2026-09-25 13:20:43.253 UTC [95] CONTEXT:  PL/pgSQL function dv_market_private.reject_new_trade_while_locked_v1() line 4 at RAISE
2026-09-25T13:20:44.6485137Z  2026-09-25 13:20:43.253 UTC [95] STATEMENT:  insert into public.market_order_items default values
2026-09-25T13:20:44.6485635Z  2026-09-25 13:20:43.254 UTC [95] ERROR:  production_trade_locked
2026-09-25T13:20:44.6486355Z  2026-09-25 13:20:43.254 UTC [95] CONTEXT:  PL/pgSQL function dv_market_private.reject_new_trade_while_locked_v1() line 4 at RAISE
2026-09-25T13:20:44.6487063Z  2026-09-25 13:20:43.254 UTC [95] STATEMENT:  insert into public.market_listing_images default values
2026-09-25T13:20:44.6487710Z  2026-09-25 13:20:43.254 UTC [95] ERROR:  production_trade_locked
2026-09-25T13:20:44.6488310Z  2026-09-25 13:20:43.254 UTC [95] CONTEXT:  PL/pgSQL function dv_market_private.reject_new_trade_while_locked_v1() line 4 at RAISE
2026-09-25T13:20:44.6489052Z  2026-09-25 13:20:43.254 UTC [95] STATEMENT:  insert into dv_market_private.market_swap_threads default values
2026-09-25T13:20:44.6489595Z  2026-09-25 13:20:43.255 UTC [95] ERROR:  production_trade_locked
2026-09-25T13:20:44.6490187Z  2026-09-25 13:20:43.255 UTC [95] CONTEXT:  PL/pgSQL function dv_market_private.reject_new_trade_while_locked_v1() line 4 at RAISE
2026-09-25T13:20:44.6490922Z  2026-09-25 13:20:43.255 UTC [95] STATEMENT:  insert into dv_market_private.market_swap_revisions default values
2026-09-25T13:20:44.6491474Z  2026-09-25 13:20:43.255 UTC [95] ERROR:  production_trade_locked
2026-09-25T13:20:44.6492067Z  2026-09-25 13:20:43.255 UTC [95] CONTEXT:  PL/pgSQL function dv_market_private.reject_new_trade_while_locked_v1() line 4 at RAISE
2026-09-25T13:20:44.6492825Z  2026-09-25 13:20:43.255 UTC [95] STATEMENT:  insert into dv_market_private.market_swap_confirmations default values
2026-09-25T13:20:44.6493391Z  2026-09-25 13:20:43.256 UTC [95] ERROR:  production_trade_locked
2026-09-25T13:20:44.6493983Z  2026-09-25 13:20:43.256 UTC [95] CONTEXT:  PL/pgSQL function dv_market_private.reject_new_trade_while_locked_v1() line 4 at RAISE
2026-09-25T13:20:44.6494737Z  2026-09-25 13:20:43.256 UTC [95] STATEMENT:  insert into dv_market_private.market_swap_revision_items default values
2026-09-25T13:20:44.6495307Z  2026-09-25 13:20:43.256 UTC [95] ERROR:  production_trade_locked
2026-09-25T13:20:44.6495900Z  2026-09-25 13:20:43.256 UTC [95] CONTEXT:  PL/pgSQL function dv_market_private.reject_new_trade_while_locked_v1() line 4 at RAISE
2026-09-25T13:20:44.6496650Z  2026-09-25 13:20:43.256 UTC [95] STATEMENT:  insert into dv_market_private.market_swap_reservations default values
2026-09-25T13:20:44.6497442Z  2026-09-25 13:20:43.257 UTC [95] ERROR:  production_trade_locked
2026-09-25T13:20:44.6498282Z  2026-09-25 13:20:43.257 UTC [95] CONTEXT:  PL/pgSQL function dv_market_private.reject_new_trade_while_locked_v1() line 4 at RAISE
2026-09-25T13:20:44.6498970Z  2026-09-25 13:20:43.257 UTC [95] STATEMENT:  insert into public.market_orders default values
2026-09-25T13:20:44.6499457Z  2026-09-25 13:20:43.258 UTC [95] ERROR:  production_trade_locked
2026-09-25T13:20:44.6500048Z  2026-09-25 13:20:43.258 UTC [95] CONTEXT:  PL/pgSQL function dv_market_private.reject_new_trade_while_locked_v1() line 30 at RAISE
2026-09-25T13:20:44.6500782Z  2026-09-25 13:20:43.258 UTC [95] STATEMENT:  update public.market_offers set status='accepted' where id=$1
2026-09-25T13:20:44.6501330Z  2026-09-25 13:20:43.259 UTC [95] ERROR:  production_trade_locked
2026-09-25T13:20:44.6501925Z  2026-09-25 13:20:43.259 UTC [95] CONTEXT:  PL/pgSQL function dv_market_private.reject_new_trade_while_locked_v1() line 10 at RAISE
2026-09-25T13:20:44.6502644Z  2026-09-25 13:20:43.259 UTC [95] STATEMENT:  update public.market_orders set buyer_id=$1 where id=$2
2026-09-25T13:20:44.6503153Z  2026-09-25 13:20:43.259 UTC [95] ERROR:  production_trade_locked
2026-09-25T13:20:44.6503743Z  2026-09-25 13:20:43.259 UTC [95] CONTEXT:  PL/pgSQL function dv_market_private.reject_new_trade_while_locked_v1() line 10 at RAISE
2026-09-25T13:20:44.6504521Z  2026-09-25 13:20:43.259 UTC [95] STATEMENT:  update public.market_order_items set quantity=quantity+1 where order_id=$1
2026-09-25T13:20:44.6505103Z  2026-09-25 13:20:43.260 UTC [95] ERROR:  production_trade_locked
2026-09-25T13:20:44.6505695Z  2026-09-25 13:20:43.260 UTC [95] CONTEXT:  PL/pgSQL function dv_market_private.reject_new_trade_while_locked_v1() line 19 at RAISE
2026-09-25T13:20:44.6506633Z  2026-09-25 13:20:43.260 UTC [95] STATEMENT:  update public.market_listings set quantity_available=quantity_available-1 where id=$1
2026-09-25T13:20:44.6507246Z  2026-09-25 13:20:43.261 UTC [95] ERROR:  production_trade_locked
2026-09-25T13:20:44.6507971Z  2026-09-25 13:20:43.261 UTC [95] CONTEXT:  PL/pgSQL function dv_market_private.reject_new_trade_while_locked_v1() line 19 at RAISE
2026-09-25T13:20:44.6508812Z  2026-09-25 13:20:43.261 UTC [95] STATEMENT:  update public.market_listings set status='active' where id='20000000-0000-4000-8000-000000000003'
2026-09-25T13:20:44.6509462Z  2026-09-25 13:20:43.263 UTC [95] ERROR:  production_trade_locked
2026-09-25T13:20:44.6510074Z  2026-09-25 13:20:43.263 UTC [95] CONTEXT:  PL/pgSQL function dv_market_private.reject_new_trade_while_locked_v1() line 4 at RAISE
2026-09-25T13:20:44.6510770Z  2026-09-25 13:20:43.263 UTC [95] STATEMENT:  insert into public.market_listings default values
2026-09-25T13:20:44.6511268Z  2026-09-25 13:20:43.264 UTC [95] ERROR:  production_trade_locked
2026-09-25T13:20:44.6511859Z  2026-09-25 13:20:43.264 UTC [95] CONTEXT:  PL/pgSQL function dv_market_private.reject_new_trade_while_locked_v1() line 4 at RAISE
2026-09-25T13:20:44.6512549Z  2026-09-25 13:20:43.264 UTC [95] STATEMENT:  insert into public.market_offers default values
2026-09-25T13:20:44.6513030Z  2026-09-25 13:20:43.265 UTC [95] ERROR:  production_trade_locked
2026-09-25T13:20:44.6513621Z  2026-09-25 13:20:43.265 UTC [95] CONTEXT:  PL/pgSQL function dv_market_private.reject_new_trade_while_locked_v1() line 4 at RAISE
2026-09-25T13:20:44.6514299Z  2026-09-25 13:20:43.265 UTC [95] STATEMENT:  insert into public.market_deals default values
2026-09-25T13:20:44.6514782Z  2026-09-25 13:20:43.266 UTC [95] ERROR:  production_trade_locked
2026-09-25T13:20:44.6515370Z  2026-09-25 13:20:43.266 UTC [95] CONTEXT:  PL/pgSQL function dv_market_private.reject_new_trade_while_locked_v1() line 4 at RAISE
2026-09-25T13:20:44.6516054Z  2026-09-25 13:20:43.266 UTC [95] STATEMENT:  insert into public.market_orders default values
2026-09-25T13:20:44.6516542Z  2026-09-25 13:20:43.267 UTC [95] ERROR:  production_trade_locked
2026-09-25T13:20:44.6517249Z  2026-09-25 13:20:43.267 UTC [95] CONTEXT:  PL/pgSQL function dv_market_private.reject_new_trade_while_locked_v1() line 4 at RAISE
2026-09-25T13:20:44.6518064Z  2026-09-25 13:20:43.267 UTC [95] STATEMENT:  insert into public.market_order_items default values
2026-09-25T13:20:44.6518557Z  2026-09-25 13:20:43.268 UTC [95] ERROR:  production_trade_locked
2026-09-25T13:20:44.6519153Z  2026-09-25 13:20:43.268 UTC [95] CONTEXT:  PL/pgSQL function dv_market_private.reject_new_trade_while_locked_v1() line 4 at RAISE
2026-09-25T13:20:44.6519854Z  2026-09-25 13:20:43.268 UTC [95] STATEMENT:  insert into public.market_listing_images default values
2026-09-25T13:20:44.6520390Z  2026-09-25 13:20:43.269 UTC [95] ERROR:  production_trade_locked
2026-09-25T13:20:44.6521012Z  2026-09-25 13:20:43.269 UTC [95] CONTEXT:  PL/pgSQL function dv_market_private.reject_new_trade_while_locked_v1() line 30 at RAISE
2026-09-25T13:20:44.6521760Z  2026-09-25 13:20:43.269 UTC [95] STATEMENT:  update public.market_offers set status='accepted' where id=$1
2026-09-25T13:20:44.6522302Z  2026-09-25 13:20:43.272 UTC [95] ERROR:  production_trade_locked
2026-09-25T13:20:44.6523060Z  2026-09-25 13:20:43.272 UTC [95] CONTEXT:  PL/pgSQL function prepare_fixed_price_market_offer_v1(uuid,integer,uuid,timestamp with time zone,text,boolean) line 16 at RAISE
2026-09-25T13:20:44.6523967Z  2026-09-25 13:20:43.272 UTC [95] STATEMENT:  select public.prepare_fixed_price_market_offer_v1($1,$2,$3,$4,$5,$6)
2026-09-25T13:20:44.6524525Z  2026-09-25 13:20:43.273 UTC [95] ERROR:  production_trade_locked
2026-09-25T13:20:44.6525277Z  2026-09-25 13:20:43.273 UTC [95] CONTEXT:  PL/pgSQL function prepare_fixed_price_market_offer_v1(uuid,integer,uuid,timestamp with time zone,text,boolean) line 16 at RAISE
2026-09-25T13:20:44.6526189Z  2026-09-25 13:20:43.273 UTC [95] STATEMENT:  select public.prepare_fixed_price_market_offer_v1($1,1,$2,now(),$3,false)
2026-09-25T13:20:44.6526891Z  2026-09-25 13:20:43.274 UTC [95] ERROR:  production_trade_locked
2026-09-25T13:20:44.6527716Z  2026-09-25 13:20:43.274 UTC [95] CONTEXT:  PL/pgSQL function accept_fixed_price_market_offer_v1(uuid,uuid,text,timestamp with time zone,boolean) line 11 at RAISE
2026-09-25T13:20:44.6528580Z  2026-09-25 13:20:43.274 UTC [95] STATEMENT:  select public.accept_fixed_price_market_offer_v1($1,$2,$3,now(),false)
2026-09-25T13:20:44.6529135Z  2026-09-25 13:20:43.277 UTC [95] ERROR:  production_trade_locked
2026-09-25T13:20:44.6529743Z  2026-09-25 13:20:43.277 UTC [95] CONTEXT:  PL/pgSQL function dv_market_private.reject_new_trade_while_locked_v1() line 30 at RAISE
2026-09-25T13:20:44.6530725Z  	SQL statement "update public.market_offers set status='accepted',responded_at=v_at,reserved_quantity=null,reservation_expires_at=null,updated_at=v_at where id=o.id"
2026-09-25T13:20:44.6531572Z  	PL/pgSQL function respond_to_market_offer(uuid,text) line 19 at SQL statement
2026-09-25T13:20:44.6532155Z  2026-09-25 13:20:43.277 UTC [95] STATEMENT:  select public.respond_to_market_offer($1,'accepted')
2026-09-25T13:20:44.6532684Z  2026-09-25 13:20:43.357 UTC [95] ERROR:  production_trade_locked
2026-09-25T13:20:44.6533441Z  2026-09-25 13:20:43.357 UTC [95] CONTEXT:  PL/pgSQL function prepare_fixed_price_market_offer_v1(uuid,integer,uuid,timestamp with time zone,text,boolean) line 16 at RAISE
2026-09-25T13:20:44.6534365Z  2026-09-25 13:20:43.357 UTC [95] STATEMENT:  select public.prepare_fixed_price_market_offer_v1($1,$2,$3,$4,$5,$6) v
2026-09-25T13:20:44.6535015Z  2026-09-25 13:20:43.505 UTC [61] LOG:  checkpoint starting: immediate force wait
2026-09-25T13:20:44.6536144Z  2026-09-25 13:20:43.509 UTC [61] LOG:  checkpoint complete: wrote 27 buffers (0.2%); 0 WAL file(s) added, 0 removed, 1 recycled; write=0.001 s, sync=0.001 s, total=0.004 s; sync files=11, longest=0.001 s, average=0.001 s; distance=11759 kB, estimate=11759 kB; lsn=0/35CB8E8, redo lsn=0/35CB890
2026-09-25T13:20:44.6542410Z Stop and remove container: 334d8be2db004b44b15bf8932206a285_postgres17_c7f35a
2026-09-25T13:20:44.6547644Z ##[command]/usr/bin/docker rm --force 3d7ed6d03c9842a287f82ee584e7d9a3cca1bfd44c83d15765d72ed7559c5a43
2026-09-25T13:20:44.9366128Z 3d7ed6d03c9842a287f82ee584e7d9a3cca1bfd44c83d15765d72ed7559c5a43
2026-09-25T13:20:44.9399186Z Remove container network: github_network_0613bd00420a43939fe3691f83299aea
2026-09-25T13:20:44.9403659Z ##[command]/usr/bin/docker network rm github_network_0613bd00420a43939fe3691f83299aea
2026-09-25T13:20:45.0403139Z github_network_0613bd00420a43939fe3691f83299aea
2026-09-25T13:20:45.0476316Z Cleaning up orphan processes
2026-09-25T13:20:45.0854642Z ##[warning]Node.js 20 is deprecated. The following actions target Node.js 20 but are being forced to run on Node.js 24: actions/checkout@v4, actions/setup-node@v4, actions/upload-artifact@v4. For more information see: https://github.blog/changelog/2025-09-19-deprecation-of-node-20-on-github-actions-runners/
